 ber_bpsk_cgxe

 Timestamp is 695f209a (Wed Jan  7 22:12:26 2026)

 Preferred load address is 0000000180000000

 Start         Length     Name                   Class
 0001:00000000 00013220H .text$mn                CODE
 0001:00013220 00000036H .text$mn$00             CODE
 0001:00013256 00000092H .text$x                 CODE
 0002:00000000 000003c0H .idata$5                DATA
 0002:000003c0 00000038H .00cfg                  DATA
 0002:000003f8 00000008H .CRT$XCA                DATA
 0002:00000400 00000008H .CRT$XCZ                DATA
 0002:00000408 00000008H .CRT$XIA                DATA
 0002:00000410 00000008H .CRT$XIZ                DATA
 0002:00000418 00000008H .CRT$XPA                DATA
 0002:00000420 00000008H .CRT$XPZ                DATA
 0002:00000428 00000008H .CRT$XTA                DATA
 0002:00000430 00000010H .CRT$XTZ                DATA
 0002:00000438 00000000H .gehcont$y              DATA
 0002:00000438 00000000H .gfids$y                DATA
 0002:00000440 00000540H .rdata                  DATA
 0002:00000980 00000080H .rdata$CastGuardVftablesA DATA
 0002:00000a00 00000080H .rdata$CastGuardVftablesC DATA
 0002:00000a80 000001a0H .rdata$voltmd           DATA
 0002:00000c20 00000278H .rdata$zzzdbg           DATA
 0002:00000e98 00000008H .rtc$IAA                DATA
 0002:00000ea0 00000008H .rtc$IZZ                DATA
 0002:00000ea8 00000008H .rtc$TAA                DATA
 0002:00000eb0 00000008H .rtc$TZZ                DATA
 0002:00000eb8 000009d8H .xdata                  DATA
 0002:00001890 00000078H .edata                  DATA
 0002:00001908 000000f0H .idata$2                DATA
 0002:000019f8 00000018H .idata$3                DATA
 0002:00001a10 000003c0H .idata$4                DATA
 0002:00001dd0 000009e8H .idata$6                DATA
 0003:00000000 00006b40H .data                   DATA
 0003:00006b40 00000630H .bss                    DATA
 0004:00000000 00000b88H .pdata                  DATA

  Address         Publics by Value              Rva+Base               Lib:Object

 0000:00000000       __AbsoluteZero             0000000000000000     <absolute>
 0000:00000000       ___safe_se_handler_count   0000000000000000     <absolute>
 0000:00000000       ___safe_se_handler_table   0000000000000000     <absolute>
 0000:00000000       __arm64x_extra_rfe_table   0000000000000000     <absolute>
 0000:00000000       __arm64x_extra_rfe_table_size 0000000000000000     <absolute>
 0000:00000000       __arm64x_native_entrypoint 0000000000000000     <absolute>
 0000:00000000       __arm64x_redirection_metadata 0000000000000000     <absolute>
 0000:00000000       __arm64x_redirection_metadata_count 0000000000000000     <absolute>
 0000:00000000       __dynamic_value_reloc_table 0000000000000000     <absolute>
 0000:00000000       __enclave_config           0000000000000000     <absolute>
 0000:00000000       __guard_check_icall_a64n_fptr 0000000000000000     <absolute>
 0000:00000000       __guard_eh_cont_count      0000000000000000     <absolute>
 0000:00000000       __guard_eh_cont_table      0000000000000000     <absolute>
 0000:00000000       __guard_fids_count         0000000000000000     <absolute>
 0000:00000000       __guard_fids_table         0000000000000000     <absolute>
 0000:00000000       __guard_iat_count          0000000000000000     <absolute>
 0000:00000000       __guard_iat_table          0000000000000000     <absolute>
 0000:00000000       __guard_longjmp_count      0000000000000000     <absolute>
 0000:00000000       __guard_longjmp_table      0000000000000000     <absolute>
 0000:00000000       __hybrid_auxiliary_delayload_iat 0000000000000000     <absolute>
 0000:00000000       __hybrid_auxiliary_delayload_iat_copy 0000000000000000     <absolute>
 0000:00000000       __hybrid_auxiliary_iat     0000000000000000     <absolute>
 0000:00000000       __hybrid_auxiliary_iat_copy 0000000000000000     <absolute>
 0000:00000000       __hybrid_code_map          0000000000000000     <absolute>
 0000:00000000       __hybrid_code_map_count    0000000000000000     <absolute>
 0000:00000000       __hybrid_image_info_bitfield 0000000000000000     <absolute>
 0000:00000000       __x64_code_ranges_to_entry_points 0000000000000000     <absolute>
 0000:00000000       __x64_code_ranges_to_entry_points_count 0000000000000000     <absolute>
 0000:00000100       __guard_flags              0000000000000100     <absolute>
 0000:00000000       __ImageBase                0000000180000000     <linker-defined>
 0001:00000000       mexfilerequiredapiversion  0000000180001000 f   c_mexapi_version.obj
 0001:00000030       cgxe_ber_bpsk_method_dispatcher 0000000180001030 f   ber_bpsk_cgxe.obj
 0001:00000110       method_dispatcher_IGPkuFeb7GxDBK93y9JMnB 0000000180001110 f   m_IGPkuFeb7GxDBK93y9JMnB.obj
 0001:000089a0       cgxe_IGPkuFeb7GxDBK93y9JMnB_BuildInfoUpdate 00000001800099a0 f   m_IGPkuFeb7GxDBK93y9JMnB.obj
 0001:00008c40       cgxe_IGPkuFeb7GxDBK93y9JMnB_fallback_info 0000000180009c40 f   m_IGPkuFeb7GxDBK93y9JMnB.obj
 0001:00008ce0       mexFunction                0000000180009ce0 f   ber_bpsk_cgxe_registry.obj
 0001:0000aba0       _ssSetInputPortDirectFeedThroughFcn 000000018000bba0 f   ber_bpsk_cgxe_registry.obj
 0001:0000ad10       _ssSetRWorkValueFcn        000000018000bd10 f   ber_bpsk_cgxe_registry.obj
 0001:0000ad90       _ssGetRWorkValueFcn        000000018000bd90 f   ber_bpsk_cgxe_registry.obj
 0001:0000ae00       _ssSetIWorkValueFcn        000000018000be00 f   ber_bpsk_cgxe_registry.obj
 0001:0000ae80       _ssGetIWorkValueFcn        000000018000be80 f   ber_bpsk_cgxe_registry.obj
 0001:0000aef0       _ssSetPWorkValueFcn        000000018000bef0 f   ber_bpsk_cgxe_registry.obj
 0001:0000af70       _ssGetPWorkValueFcn        000000018000bf70 f   ber_bpsk_cgxe_registry.obj
 0001:0000afe0       _ssGetInputPortSignalFcn   000000018000bfe0 f   ber_bpsk_cgxe_registry.obj
 0001:0000b370       _ssGetInputPortBufferDstPortFcn 000000018000c370 f   ber_bpsk_cgxe_registry.obj
 0001:0000b3f0       _ssGetInputPortSignalPtrsFcn 000000018000c3f0 f   ber_bpsk_cgxe_registry.obj
 0001:0000b780       ssGetParameterTuningCompliance 000000018000c780 f   ber_bpsk_cgxe_registry.obj
 0001:0000b7f0       _ssReadInputStringFcn      000000018000c7f0 f   ber_bpsk_cgxe_registry.obj
 0001:0000b860       ssGetDTypeIdFromMxArray    000000018000c860 f   ber_bpsk_cgxe_registry.obj
 0001:0000b980       ssWriteRTWMx2dMatParam     000000018000c980 f   ber_bpsk_cgxe_registry.obj
 0001:0000ba10       ssWriteRTWMxVectParam      000000018000ca10 f   ber_bpsk_cgxe_registry.obj
 0001:0000ba90       ssWriteRTWParameters       000000018000ca90 f   ber_bpsk_cgxe_registry.obj
 0001:0000c050       ssWriteRTWParamSettings    000000018000d050 f   ber_bpsk_cgxe_registry.obj
 0001:0000c740       ssWriteRTWStr              000000018000d740 f   ber_bpsk_cgxe_registry.obj
 0001:0000c7a0       ssWriteRTWWorkVect         000000018000d7a0 f   ber_bpsk_cgxe_registry.obj
 0001:0000cd00       ssWarning                  000000018000dd00 f   ber_bpsk_cgxe_registry.obj
 0001:0000cdf0       ssGetRootSS                000000018000ddf0 f   ber_bpsk_cgxe_registry.obj
 0001:0000ceb0       ssGetParentSS              000000018000deb0 f   ber_bpsk_cgxe_registry.obj
 0001:0000cf70       ssWriteRTWNameValuePair    000000018000df70 f   ber_bpsk_cgxe_registry.obj
 0001:0000d470       _ssSetInputPortMatrixDimensions 000000018000e470 f   ber_bpsk_cgxe_registry.obj
 0001:0000d5c0       _ssSetOutputPortMatrixDimensions 000000018000e5c0 f   ber_bpsk_cgxe_registry.obj
 0001:0000d710       _ssSetInputPortVectorDimension 000000018000e710 f   ber_bpsk_cgxe_registry.obj
 0001:0000d7c0       _ssSetOutputPortVectorDimension 000000018000e7c0 f   ber_bpsk_cgxe_registry.obj
 0001:0000d870       ssIsRunTimeParamTunable    000000018000e870 f   ber_bpsk_cgxe_registry.obj
 0001:0000d8e0       ssGetSFuncBlockHandle      000000018000e8e0 f   ber_bpsk_cgxe_registry.obj
 0001:0000d950       _ssGetCallSystemNumFcnCallDestinations 000000018000e950 f   ber_bpsk_cgxe_registry.obj
 0001:0000d9c0       _ssGetCurrentInputPortWidth 000000018000e9c0 f   ber_bpsk_cgxe_registry.obj
 0001:0000db00       _ssGetCurrentOutputPortWidth 000000018000eb00 f   ber_bpsk_cgxe_registry.obj
 0001:0000dc40       ssGetIsZeroCrossControlDisabled 000000018000ec40 f   ber_bpsk_cgxe_registry.obj
 0001:0000dcb0       ssSetIsInputPortUsedForContZcSignal 000000018000ecb0 f   ber_bpsk_cgxe_registry.obj
 0001:0000dd20       ssSetZcSignalIsZcElementDisc 000000018000ed20 f   ber_bpsk_cgxe_registry.obj
 0001:0000ddd0       ssSetZcSignalName          000000018000edd0 f   ber_bpsk_cgxe_registry.obj
 0001:0000de40       ssSetZcSignalWidth         000000018000ee40 f   ber_bpsk_cgxe_registry.obj
 0001:0000deb0       ssSetZcSignalZcEventType   000000018000eeb0 f   ber_bpsk_cgxe_registry.obj
 0001:0000df20       ssSetZcSignalType          000000018000ef20 f   ber_bpsk_cgxe_registry.obj
 0001:0000df90       ssSetZcSignalZcTol         000000018000ef90 f   ber_bpsk_cgxe_registry.obj
 0001:0000e000       ssSetZcSignalNeedsEventNotification 000000018000f000 f   ber_bpsk_cgxe_registry.obj
 0001:0000e070       ssCreateAndAddZcSignalInfo 000000018000f070 f   ber_bpsk_cgxe_registry.obj
 0001:0000e0e0       ssCloneAndAddZcSignalInfo  000000018000f0e0 f   ber_bpsk_cgxe_registry.obj
 0001:0000e150       ssGetNumZcSignals          000000018000f150 f   ber_bpsk_cgxe_registry.obj
 0001:0000e1c0       ssGetZcSignalVector        000000018000f1c0 f   ber_bpsk_cgxe_registry.obj
 0001:0000e230       ssGetZcSignalName          000000018000f230 f   ber_bpsk_cgxe_registry.obj
 0001:0000e2a0       ssGetZcSignalWidth         000000018000f2a0 f   ber_bpsk_cgxe_registry.obj
 0001:0000e310       ssGetZcSignalZcEventType   000000018000f310 f   ber_bpsk_cgxe_registry.obj
 0001:0000e380       ssGetZcSignalZcEvents      000000018000f380 f   ber_bpsk_cgxe_registry.obj
 0001:0000e3f0       ssGetZcSignalType          000000018000f3f0 f   ber_bpsk_cgxe_registry.obj
 0001:0000e460       ssGetZcSignalZcTol         000000018000f460 f   ber_bpsk_cgxe_registry.obj
 0001:0000e4e0       ssGetZcSignalNeedsEventNotification 000000018000f4e0 f   ber_bpsk_cgxe_registry.obj
 0001:0000e550       ssGetZcSignalIsZcElementDisc 000000018000f550 f   ber_bpsk_cgxe_registry.obj
 0001:0000e5f0       ssGetIsInputPortElementContinuous 000000018000f5f0 f   ber_bpsk_cgxe_registry.obj
 0001:0000e690       _ssGetAbsTol               000000018000f690 f   ber_bpsk_cgxe_registry.obj
 0001:0000e700       _ssSetStateAbsTol          000000018000f700 f   ber_bpsk_cgxe_registry.obj
 0001:0000e7e0       _ssSetInputPortReusableFcn 000000018000f7e0 f   ber_bpsk_cgxe_registry.obj
 0001:0000e8e0       _ssSetOutputPortReusableFcn 000000018000f8e0 f   ber_bpsk_cgxe_registry.obj
 0001:0000e9e0       _ssSetSymbolicDimsSupport  000000018000f9e0 f   ber_bpsk_cgxe_registry.obj
 0001:0000ea50       _ssRegisterSymbolicDimsExpr 000000018000fa50 f   ber_bpsk_cgxe_registry.obj
 0001:0000ead0       _ssRegisterSymbolicDimsMATLABExpr 000000018000fad0 f   ber_bpsk_cgxe_registry.obj
 0001:0000eb60       _ssRegisterSymbolicDims    000000018000fb60 f   ber_bpsk_cgxe_registry.obj
 0001:0000ec00       _ssRegisterSymbolicDimsString 000000018000fc00 f   ber_bpsk_cgxe_registry.obj
 0001:0000ec80       _ssRegisterSymbolicDimsIntValue 000000018000fc80 f   ber_bpsk_cgxe_registry.obj
 0001:0000ecf0       _ssRegisterSymbolicEqualRelation 000000018000fcf0 f   ber_bpsk_cgxe_registry.obj
 0001:0000ed60       _ssRegisterSymbolicEqualValue 000000018000fd60 f   ber_bpsk_cgxe_registry.obj
 0001:0000edd0       _ssAmendLeadingSymbolicDims 000000018000fdd0 f   ber_bpsk_cgxe_registry.obj
 0001:0000ee50       _ssAmendTrailingSymbolicDims 000000018000fe50 f   ber_bpsk_cgxe_registry.obj
 0001:0000eed0       _ssRegisterSymbolicDimsPlus 000000018000fed0 f   ber_bpsk_cgxe_registry.obj
 0001:0000ef50       _ssRegisterSymbolicDimsMinus 000000018000ff50 f   ber_bpsk_cgxe_registry.obj
 0001:0000efd0       _ssRegisterSymbolicDimsMultiply 000000018000ffd0 f   ber_bpsk_cgxe_registry.obj
 0001:0000f050       _ssRegisterSymbolicDimsDivide 0000000180010050 f   ber_bpsk_cgxe_registry.obj
 0001:0000f0d0       _ssGetNumSymbolicDims      00000001800100d0 f   ber_bpsk_cgxe_registry.obj
 0001:0000f140       _ssGetSymbolicDim          0000000180010140 f   ber_bpsk_cgxe_registry.obj
 0001:0000f1c0       _ssSetInputPortSymbolicDimsId 00000001800101c0 f   ber_bpsk_cgxe_registry.obj
 0001:0000f230       _ssGetCompInputPortSymbolicDimsId 0000000180010230 f   ber_bpsk_cgxe_registry.obj
 0001:0000f2a0       _ssSetCompInputPortSymbolicDimsId 00000001800102a0 f   ber_bpsk_cgxe_registry.obj
 0001:0000f310       _ssSetOutputPortSymbolicDimsId 0000000180010310 f   ber_bpsk_cgxe_registry.obj
 0001:0000f380       _ssGetCompOutputPortSymbolicDimsId 0000000180010380 f   ber_bpsk_cgxe_registry.obj
 0001:0000f3f0       _ssSetCompOutputPortSymbolicDimsId 00000001800103f0 f   ber_bpsk_cgxe_registry.obj
 0001:0000f460       _ssGetDWorkSymbolicDimsId  0000000180010460 f   ber_bpsk_cgxe_registry.obj
 0001:0000f4d0       _ssSetDWorkSymbolicDimsId  00000001800104d0 f   ber_bpsk_cgxe_registry.obj
 0001:0000f540       _ssGetCompDWorkSymbolicDimsId 0000000180010540 f   ber_bpsk_cgxe_registry.obj
 0001:0000f5b0       _ssSetCompDWorkSymbolicDimsId 00000001800105b0 f   ber_bpsk_cgxe_registry.obj
 0001:0000f620       _ssCreateSLCGStringBuffer  0000000180010620 f   ber_bpsk_cgxe_registry.obj
 0001:0000f690       _ssAddToSLCGStringBuffer   0000000180010690 f   ber_bpsk_cgxe_registry.obj
 0001:0000f700       _ssGetPointerContainedData 0000000180010700 f   ber_bpsk_cgxe_registry.obj
 0001:0000f790       _ssGetPointerContainedDataWidth 0000000180010790 f   ber_bpsk_cgxe_registry.obj
 0001:0000f820       _ssRegisterDynamicArrayDataTypeFcn 0000000180010820 f   ber_bpsk_cgxe_registry.obj
 0001:0000f8c0       _ssGetDynamicArrayContainedDataCurrentWidthFcn 00000001800108c0 f   ber_bpsk_cgxe_registry.obj
 0001:0000f990       _ssGetDynamicArrayContainedDataFcn 0000000180010990 f   ber_bpsk_cgxe_registry.obj
 0001:0000fa60       _ssGetInputPortDynamicArrayDataFcn 0000000180010a60 f   ber_bpsk_cgxe_registry.obj
 0001:0000fb20       _ssGetOutputPortDynamicArrayDataFcn 0000000180010b20 f   ber_bpsk_cgxe_registry.obj
 0001:0000fbe0       _ssGetInputPortDynamicArrayContainedDataFcn 0000000180010be0 f   ber_bpsk_cgxe_registry.obj
 0001:0000fca0       _ssGetOutputPortDynamicArrayContainedDataFcn 0000000180010ca0 f   ber_bpsk_cgxe_registry.obj
 0001:0000fd60       _ssGetDynamicArrayDWorkContainedDataFcn 0000000180010d60 f   ber_bpsk_cgxe_registry.obj
 0001:00011890       __local_stdio_printf_options 0000000180012890 f i ber_bpsk_cgxe_registry.obj
 0001:000118a0       _vsnprintf_l               00000001800128a0 f i ber_bpsk_cgxe_registry.obj
 0001:00011920       _vsprintf_l                0000000180012920 f i ber_bpsk_cgxe_registry.obj
 0001:00011970       sprintf                    0000000180012970 f i ber_bpsk_cgxe_registry.obj
 0001:000119bf       mxGetPr_800                00000001800129bf f   libmx:libmx.dll
 0001:000119c5       mxSetCell_800              00000001800129c5 f   libmx:libmx.dll
 0001:000119cb       mxSetFieldByNumber_800     00000001800129cb f   libmx:libmx.dll
 0001:000119d1       mxCreateDoubleMatrix_800   00000001800129d1 f   libmx:libmx.dll
 0001:000119d7       mxCreateString_800         00000001800129d7 f   libmx:libmx.dll
 0001:000119dd       mxCreateCellMatrix_800     00000001800129dd f   libmx:libmx.dll
 0001:000119e3       mxCreateStructMatrix_800   00000001800129e3 f   libmx:libmx.dll
 0001:000119e9       mxGetNaN_800               00000001800129e9 f   libmx:libmx.dll
 0001:000119ef       mxCalloc_800               00000001800129ef f   libmx:libmx.dll
 0001:000119f5       mxGetM_800                 00000001800129f5 f   libmx:libmx.dll
 0001:000119fb       mxGetClassID_800           00000001800129fb f   libmx:libmx.dll
 0001:00011a01       mxGetData_800              0000000180012a01 f   libmx:libmx.dll
 0001:00011a07       mxIsNumeric_800            0000000180012a07 f   libmx:libmx.dll
 0001:00011a0d       mxIsChar_800               0000000180012a0d f   libmx:libmx.dll
 0001:00011a13       mxIsComplex_800            0000000180012a13 f   libmx:libmx.dll
 0001:00011a19       mxGetN_800                 0000000180012a19 f   libmx:libmx.dll
 0001:00011a1f       mxSetField_800             0000000180012a1f f   libmx:libmx.dll
 0001:00011a25       mxCreateNumericMatrix_800  0000000180012a25 f   libmx:libmx.dll
 0001:00011a2b       mxCreateDoubleScalar_800   0000000180012a2b f   libmx:libmx.dll
 0001:00011a31       mxGetString_800            0000000180012a31 f   libmx:libmx.dll
 0001:00011a37       mexWarnMsgTxt_800          0000000180012a37 f   libmex:libmex.dll
 0001:00011a3d       mexPrintf_800              0000000180012a3d f   libmex:libmex.dll
 0001:00011a43       mexCallMATLAB_800          0000000180012a43 f   libmex:libmex.dll
 0001:00011a49       mexUnlock_800              0000000180012a49 f   libmex:libmex.dll
 0001:00011a4f       mexIsLocked_800            0000000180012a4f f   libmex:libmex.dll
 0001:00011a55       muDoubleScalarAbs          0000000180012a55 f   libmwmathutil:libmwmathutil.dll
 0001:00011a5b       muDoubleScalarCeil         0000000180012a5b f   libmwmathutil:libmwmathutil.dll
 0001:00011a61       muDoubleScalarFloor        0000000180012a61 f   libmwmathutil:libmwmathutil.dll
 0001:00011a67       muDoubleScalarExp          0000000180012a67 f   libmwmathutil:libmwmathutil.dll
 0001:00011a6d       muDoubleScalarLog          0000000180012a6d f   libmwmathutil:libmwmathutil.dll
 0001:00011a73       muDoubleScalarPower        0000000180012a73 f   libmwmathutil:libmwmathutil.dll
 0001:00011a79       muDoubleScalarSqrt         0000000180012a79 f   libmwmathutil:libmwmathutil.dll
 0001:00011a7f       muDoubleScalarRem          0000000180012a7f f   libmwmathutil:libmwmathutil.dll
 0001:00011a85       muDoubleScalarIsNaN        0000000180012a85 f   libmwmathutil:libmwmathutil.dll
 0001:00011a8b       muDoubleScalarIsInf        0000000180012a8b f   libmwmathutil:libmwmathutil.dll
 0001:00011a91       emlrtAlias                 0000000180012a91 f   libemlrt:libemlrt.dll
 0001:00011a97       emlrtLicenseCheckR2022a    0000000180012a97 f   libemlrt:libemlrt.dll
 0001:00011a9d       emlrtAssign                0000000180012a9d f   libemlrt:libemlrt.dll
 0001:00011aa3       emlrtCreateStructMatrix    0000000180012aa3 f   libemlrt:libemlrt.dll
 0001:00011aa9       emlrtCreateStructArray     0000000180012aa9 f   libemlrt:libemlrt.dll
 0001:00011aaf       emlrtGetFieldR2017b        0000000180012aaf f   libemlrt:libemlrt.dll
 0001:00011ab5       emlrtSetFieldR2017b        0000000180012ab5 f   libemlrt:libemlrt.dll
 0001:00011abb       emlrtCreateCellMatrix      0000000180012abb f   libemlrt:libemlrt.dll
 0001:00011ac1       emlrtSetCell               0000000180012ac1 f   libemlrt:libemlrt.dll
 0001:00011ac7       emlrtGetCell               0000000180012ac7 f   libemlrt:libemlrt.dll
 0001:00011acd       emlrtCreateNumericMatrix   0000000180012acd f   libemlrt:libemlrt.dll
 0001:00011ad3       emlrtCreateNumericArray    0000000180012ad3 f   libemlrt:libemlrt.dll
 0001:00011ad9       emlrtCreateDoubleScalar    0000000180012ad9 f   libemlrt:libemlrt.dll
 0001:00011adf       emlrtCreateLogicalScalar   0000000180012adf f   libemlrt:libemlrt.dll
 0001:00011ae5       emlrtCreateCharArray       0000000180012ae5 f   libemlrt:libemlrt.dll
 0001:00011aeb       emlrtDestroyArray          0000000180012aeb f   libemlrt:libemlrt.dll
 0001:00011af1       emlrtCallMATLABR2012b      0000000180012af1 f   libemlrt:libemlrt.dll
 0001:00011af7       emlrtInitCharArrayR2013a   0000000180012af7 f   libemlrt:libemlrt.dll
 0001:00011afd       emlrtCheckBuiltInR2012b    0000000180012afd f   libemlrt:libemlrt.dll
 0001:00011b03       emlrtCheckStructR2012b     0000000180012b03 f   libemlrt:libemlrt.dll
 0001:00011b09       emlrtMxGetData             0000000180012b09 f   libemlrt:libemlrt.dll
 0001:00011b0f       emlrtMxGetLogicals         0000000180012b0f f   libemlrt:libemlrt.dll
 0001:00011b15       cgxertGetInputPortSignal   0000000180012b15 f   libmwcgxert:libmwcgxert.dll
 0001:00011b1b       cgxertGetOutputPortSignal  0000000180012b1b f   libmwcgxert:libmwcgxert.dll
 0001:00011b21       cgxertGetRunTimeParamInfoData 0000000180012b21 f   libmwcgxert:libmwcgxert.dll
 0001:00011b27       cgxertGetRuntimeInstance   0000000180012b27 f   libmwcgxert:libmwcgxert.dll
 0001:00011b2d       cgxertSetRuntimeInstance   0000000180012b2d f   libmwcgxert:libmwcgxert.dll
 0001:00011b33       cgxertGetEMLRTCtx          0000000180012b33 f   libmwcgxert:libmwcgxert.dll
 0001:00011b39       cgxertSetGcb               0000000180012b39 f   libmwcgxert:libmwcgxert.dll
 0001:00011b3f       cgxertRestoreGcb           0000000180012b3f f   libmwcgxert:libmwcgxert.dll
 0001:00011b48       __raise_securityfailure    0000000180012b48 f   MSVCRT:gs_report.obj
 0001:00011b7c       __report_gsfailure         0000000180012b7c f   MSVCRT:gs_report.obj
 0001:00011c50       __report_rangecheckfailure 0000000180012c50 f   MSVCRT:gs_report.obj
 0001:00011c64       __report_securityfailure   0000000180012c64 f   MSVCRT:gs_report.obj
 0001:00011d04       __report_securityfailureEx 0000000180012d04 f   MSVCRT:gs_report.obj
 0001:00011ef8       __GSHandlerCheck           0000000180012ef8 f   MSVCRT:gshandler.obj
 0001:00011f18       __GSHandlerCheckCommon     0000000180012f18 f   MSVCRT:gshandler.obj
 0001:00011f90       __security_check_cookie    0000000180012f90 f   MSVCRT:amdsecgs.obj
 0001:000122dc       _CRT_INIT                  00000001800132dc f   MSVCRT:dll_dllmain.obj
 0001:000122e4       _DllMainCRTStartup         00000001800132e4 f   MSVCRT:dll_dllmain.obj
 0001:00012390       __security_init_cookie     0000000180013390 f   MSVCRT:gs_support.obj
 0001:0001243c       DllMain                    000000018001343c f   MSVCRT:dll_dllmain_stub.obj
 0001:00012460       ?__scrt_initialize_type_info@@YAXXZ 0000000180013460 f   MSVCRT:tncleanup.obj
 0001:00012470       ?__scrt_uninitialize_type_info@@YAXXZ 0000000180013470 f   MSVCRT:tncleanup.obj
 0001:0001247c       __local_stdio_scanf_options 000000018001347c f i MSVCRT:default_local_stdio_options.obj
 0001:00012484       __scrt_initialize_default_local_stdio_options 0000000180013484 f   MSVCRT:default_local_stdio_options.obj
 0001:000124a0       ?configure_argv@__scrt_narrow_argv_policy@@SAHXZ 00000001800134a0 f i MSVCRT:utility.obj
 0001:00012500       ?initialize_environment@__scrt_narrow_environment_policy@@SAHXZ 0000000180013500 f i MSVCRT:utility.obj
 0001:00012538       NtCurrentTeb               0000000180013538 f i MSVCRT:utility.obj
 0001:00012544       __scrt_acquire_startup_lock 0000000180013544 f   MSVCRT:utility.obj
 0001:00012580       __scrt_dllmain_after_initialize_c 0000000180013580 f   MSVCRT:utility.obj
 0001:000125b4       __scrt_dllmain_before_initialize_c 00000001800135b4 f   MSVCRT:utility.obj
 0001:000125cc       __scrt_dllmain_crt_thread_attach 00000001800135cc f   MSVCRT:utility.obj
 0001:000125f4       __scrt_dllmain_crt_thread_detach 00000001800135f4 f   MSVCRT:utility.obj
 0001:0001260c       __scrt_dllmain_exception_filter 000000018001360c f   MSVCRT:utility.obj
 0001:0001266c       __scrt_dllmain_uninitialize_c 000000018001366c f   MSVCRT:utility.obj
 0001:0001269c       __scrt_dllmain_uninitialize_critical 000000018001369c f   MSVCRT:utility.obj
 0001:000126b0       __scrt_initialize_crt      00000001800136b0 f   MSVCRT:utility.obj
 0001:000126ec       __scrt_initialize_onexit_tables 00000001800136ec f   MSVCRT:utility.obj
 0001:00012778       __scrt_is_nonwritable_in_current_image 0000000180013778 f   MSVCRT:utility.obj
 0001:00012810       __scrt_release_startup_lock 0000000180013810 f   MSVCRT:utility.obj
 0001:00012834       __scrt_uninitialize_crt    0000000180013834 f   MSVCRT:utility.obj
 0001:00012860       _onexit                    0000000180013860 f   MSVCRT:utility.obj
 0001:0001289c       at_quick_exit              000000018001389c f   MSVCRT:utility.obj
 0001:000128bc       atexit                     00000001800138bc f   MSVCRT:utility.obj
 0001:000128d4       __scrt_get_dyn_tls_init_callback 00000001800138d4 f   MSVCRT:dyn_tls_init.obj
 0001:000128dc       __crt_debugger_hook        00000001800138dc f   MSVCRT:utility_desktop.obj
 0001:000128e4       __scrt_fastfail            00000001800138e4 f   MSVCRT:utility_desktop.obj
 0001:00012a2c       __scrt_get_show_window_mode 0000000180013a2c f   MSVCRT:utility_desktop.obj
 0001:00012a68       __scrt_initialize_mta      0000000180013a68 f   MSVCRT:utility_desktop.obj
 0001:00012a70       __scrt_initialize_winrt    0000000180013a70 f   MSVCRT:utility_desktop.obj
 0001:00012a74       __scrt_is_managed_app      0000000180013a74 f   MSVCRT:utility_desktop.obj
 0001:00012ac8       __scrt_set_unhandled_exception_filter 0000000180013ac8 f   MSVCRT:utility_desktop.obj
 0001:00012ad8       __scrt_exe_initialize_mta  0000000180013ad8 f   MSVCRT:utility_desktop.obj
 0001:00012ad8       __scrt_stub_for_initialize_mta 0000000180013ad8 f   MSVCRT:utility_desktop.obj
 0001:00012adc       __scrt_unhandled_exception_filter 0000000180013adc f   MSVCRT:utility_desktop.obj
 0001:00012b38       _RTC_Initialize            0000000180013b38 f   MSVCRT:initsect.obj
 0001:00012b74       _RTC_Terminate             0000000180013b74 f   MSVCRT:initsect.obj
 0001:00012bb0       _guard_check_icall_nop     0000000180013bb0 f i MSVCRT:guard_support.obj
 0001:00012bb4       ReadNoFence64              0000000180013bb4 f i MSVCRT:guard_support.obj
 0001:00012bb8       ReadPointerNoFence         0000000180013bb8 f i MSVCRT:guard_support.obj
 0001:00012bbc       __castguard_check_failure_debugbreak 0000000180013bbc f i MSVCRT:guard_support.obj
 0001:00012bd8       __castguard_check_failure_fastfail 0000000180013bd8 f i MSVCRT:guard_support.obj
 0001:00012bfc       __castguard_check_failure_nop 0000000180013bfc f i MSVCRT:guard_support.obj
 0001:00012c00       __castguard_check_failure_os_handled 0000000180013c00 f i MSVCRT:guard_support.obj
 0001:00012c4c       __castguard_check_failure_user_handled 0000000180013c4c f i MSVCRT:guard_support.obj
 0001:00012cc0       __castguard_set_user_handler 0000000180013cc0 f i MSVCRT:guard_support.obj
 0001:00012ccc       __castguard_slow_path_check_debugbreak 0000000180013ccc f i MSVCRT:guard_support.obj
 0001:00012d00       __castguard_slow_path_check_fastfail 0000000180013d00 f i MSVCRT:guard_support.obj
 0001:00012d3c       __castguard_slow_path_check_nop 0000000180013d3c f i MSVCRT:guard_support.obj
 0001:00012d40       __castguard_slow_path_check_os_handled 0000000180013d40 f i MSVCRT:guard_support.obj
 0001:00012d8c       __castguard_slow_path_check_user_handled 0000000180013d8c f i MSVCRT:guard_support.obj
 0001:00012df8       _guard_icall_checks_enforced 0000000180013df8 f i MSVCRT:guard_support.obj
 0001:00012e10       _guard_rf_checks_enforced  0000000180013e10 f i MSVCRT:guard_support.obj
 0001:00012e14       __isa_available_init       0000000180013e14 f   MSVCRT:cpu_disp.obj
 0001:000130e0       _get_startup_argv_mode     00000001800140e0 f   MSVCRT:argv_mode.obj
 0001:000130e8       __scrt_is_ucrt_dll_in_use  00000001800140e8 f   MSVCRT:ucrt_detection.obj
 0001:00013100       RtlCaptureContext          0000000180014100 f   kernel32:KERNEL32.dll
 0001:00013106       RtlLookupFunctionEntry     0000000180014106 f   kernel32:KERNEL32.dll
 0001:0001310c       RtlVirtualUnwind           000000018001410c f   kernel32:KERNEL32.dll
 0001:00013112       UnhandledExceptionFilter   0000000180014112 f   kernel32:KERNEL32.dll
 0001:00013118       SetUnhandledExceptionFilter 0000000180014118 f   kernel32:KERNEL32.dll
 0001:0001311e       GetCurrentProcess          000000018001411e f   kernel32:KERNEL32.dll
 0001:00013124       TerminateProcess           0000000180014124 f   kernel32:KERNEL32.dll
 0001:0001312a       IsProcessorFeaturePresent  000000018001412a f   kernel32:KERNEL32.dll
 0001:00013130       QueryPerformanceCounter    0000000180014130 f   kernel32:KERNEL32.dll
 0001:00013136       GetCurrentProcessId        0000000180014136 f   kernel32:KERNEL32.dll
 0001:0001313c       GetCurrentThreadId         000000018001413c f   kernel32:KERNEL32.dll
 0001:00013142       GetSystemTimeAsFileTime    0000000180014142 f   kernel32:KERNEL32.dll
 0001:00013148       DisableThreadLibraryCalls  0000000180014148 f   kernel32:KERNEL32.dll
 0001:0001314e       InitializeSListHead        000000018001414e f   kernel32:KERNEL32.dll
 0001:00013154       IsDebuggerPresent          0000000180014154 f   kernel32:KERNEL32.dll
 0001:0001315a       GetStartupInfoW            000000018001415a f   kernel32:KERNEL32.dll
 0001:00013160       GetModuleHandleW           0000000180014160 f   kernel32:KERNEL32.dll
 0001:00013166       memcpy                     0000000180014166 f   vcruntime:VCRUNTIME140.dll
 0001:0001316c       __C_specific_handler       000000018001416c f   vcruntime:VCRUNTIME140.dll
 0001:00013172       __std_type_info_destroy_list 0000000180014172 f   vcruntime:VCRUNTIME140.dll
 0001:00013178       __current_exception        0000000180014178 f   vcruntime:VCRUNTIME140.dll
 0001:0001317e       __current_exception_context 000000018001417e f   vcruntime:VCRUNTIME140.dll
 0001:00013184       memset                     0000000180014184 f   vcruntime:VCRUNTIME140.dll
 0001:0001318a       calloc                     000000018001418a f   ucrt:api-ms-win-crt-heap-l1-1-0.dll
 0001:00013190       free                       0000000180014190 f   ucrt:api-ms-win-crt-heap-l1-1-0.dll
 0001:00013196       _localtime64               0000000180014196 f   ucrt:api-ms-win-crt-time-l1-1-0.dll
 0001:0001319c       _time64                    000000018001419c f   ucrt:api-ms-win-crt-time-l1-1-0.dll
 0001:000131a2       strcmp                     00000001800141a2 f   ucrt:api-ms-win-crt-string-l1-1-0.dll
 0001:000131a8       strlen                     00000001800141a8 f   ucrt:api-ms-win-crt-string-l1-1-0.dll
 0001:000131ae       __stdio_common_vsprintf    00000001800141ae f   ucrt:api-ms-win-crt-stdio-l1-1-0.dll
 0001:000131b4       malloc                     00000001800141b4 f   ucrt:api-ms-win-crt-heap-l1-1-0.dll
 0001:000131ba       _initterm                  00000001800141ba f   ucrt:api-ms-win-crt-runtime-l1-1-0.dll
 0001:000131c0       _initterm_e                00000001800141c0 f   ucrt:api-ms-win-crt-runtime-l1-1-0.dll
 0001:000131c6       _seh_filter_dll            00000001800141c6 f   ucrt:api-ms-win-crt-runtime-l1-1-0.dll
 0001:000131cc       _configure_narrow_argv     00000001800141cc f   ucrt:api-ms-win-crt-runtime-l1-1-0.dll
 0001:000131d2       _initialize_narrow_environment 00000001800141d2 f   ucrt:api-ms-win-crt-runtime-l1-1-0.dll
 0001:000131d8       _initialize_onexit_table   00000001800141d8 f   ucrt:api-ms-win-crt-runtime-l1-1-0.dll
 0001:000131de       _register_onexit_function  00000001800141de f   ucrt:api-ms-win-crt-runtime-l1-1-0.dll
 0001:000131e4       _execute_onexit_table      00000001800141e4 f   ucrt:api-ms-win-crt-runtime-l1-1-0.dll
 0001:000131ea       _crt_atexit                00000001800141ea f   ucrt:api-ms-win-crt-runtime-l1-1-0.dll
 0001:000131f0       _crt_at_quick_exit         00000001800141f0 f   ucrt:api-ms-win-crt-runtime-l1-1-0.dll
 0001:000131f6       _cexit                     00000001800141f6 f   ucrt:api-ms-win-crt-runtime-l1-1-0.dll
 0001:000131fc       terminate                  00000001800141fc f   ucrt:api-ms-win-crt-runtime-l1-1-0.dll
 0001:00013204       __acrt_initialize          0000000180014204 f   MSVCRT:ucrt_stubs.obj
 0001:00013204       __scrt_stub_for_acrt_initialize 0000000180014204 f   MSVCRT:ucrt_stubs.obj
 0001:00013204       __vcrt_initialize          0000000180014204 f   MSVCRT:ucrt_stubs.obj
 0001:00013208       __acrt_thread_attach       0000000180014208 f   MSVCRT:ucrt_stubs.obj
 0001:00013208       __scrt_stub_for_acrt_thread_attach 0000000180014208 f   MSVCRT:ucrt_stubs.obj
 0001:00013208       __vcrt_thread_attach       0000000180014208 f   MSVCRT:ucrt_stubs.obj
 0001:0001320c       __acrt_thread_detach       000000018001420c f   MSVCRT:ucrt_stubs.obj
 0001:0001320c       __scrt_stub_for_acrt_thread_detach 000000018001420c f   MSVCRT:ucrt_stubs.obj
 0001:0001320c       __vcrt_thread_detach       000000018001420c f   MSVCRT:ucrt_stubs.obj
 0001:00013210       __acrt_uninitialize        0000000180014210 f   MSVCRT:ucrt_stubs.obj
 0001:00013210       __scrt_stub_for_acrt_uninitialize 0000000180014210 f   MSVCRT:ucrt_stubs.obj
 0001:00013210       __vcrt_uninitialize        0000000180014210 f   MSVCRT:ucrt_stubs.obj
 0001:00013214       __acrt_uninitialize_critical 0000000180014214 f   MSVCRT:ucrt_stubs.obj
 0001:00013214       __scrt_stub_for_acrt_uninitialize_critical 0000000180014214 f   MSVCRT:ucrt_stubs.obj
 0001:00013214       __vcrt_uninitialize_critical 0000000180014214 f   MSVCRT:ucrt_stubs.obj
 0001:00013218       __scrt_stub_for_is_c_termination_complete 0000000180014218 f   MSVCRT:ucrt_stubs.obj
 0001:00013218       _is_c_termination_complete 0000000180014218 f   MSVCRT:ucrt_stubs.obj
 0001:00013230       _guard_dispatch_icall_nop  0000000180014230 f   MSVCRT:guard_dispatch.obj
 0001:00013250       _guard_xfg_dispatch_icall_nop 0000000180014250 f   MSVCRT:guard_xfg_dispatch.obj
 0002:00000000       __imp_InitializeSListHead  0000000180015000     kernel32:KERNEL32.dll
 0002:00000008       __imp_RtlLookupFunctionEntry 0000000180015008     kernel32:KERNEL32.dll
 0002:00000010       __imp_RtlCaptureContext    0000000180015010     kernel32:KERNEL32.dll
 0002:00000018       __imp_UnhandledExceptionFilter 0000000180015018     kernel32:KERNEL32.dll
 0002:00000020       __imp_SetUnhandledExceptionFilter 0000000180015020     kernel32:KERNEL32.dll
 0002:00000028       __imp_GetCurrentProcess    0000000180015028     kernel32:KERNEL32.dll
 0002:00000030       __imp_TerminateProcess     0000000180015030     kernel32:KERNEL32.dll
 0002:00000038       __imp_IsProcessorFeaturePresent 0000000180015038     kernel32:KERNEL32.dll
 0002:00000040       __imp_QueryPerformanceCounter 0000000180015040     kernel32:KERNEL32.dll
 0002:00000048       __imp_GetCurrentProcessId  0000000180015048     kernel32:KERNEL32.dll
 0002:00000050       __imp_GetCurrentThreadId   0000000180015050     kernel32:KERNEL32.dll
 0002:00000058       __imp_GetSystemTimeAsFileTime 0000000180015058     kernel32:KERNEL32.dll
 0002:00000060       __imp_DisableThreadLibraryCalls 0000000180015060     kernel32:KERNEL32.dll
 0002:00000068       __imp_RtlVirtualUnwind     0000000180015068     kernel32:KERNEL32.dll
 0002:00000070       __imp_IsDebuggerPresent    0000000180015070     kernel32:KERNEL32.dll
 0002:00000078       __imp_GetStartupInfoW      0000000180015078     kernel32:KERNEL32.dll
 0002:00000080       __imp_GetModuleHandleW     0000000180015080     kernel32:KERNEL32.dll
 0002:00000088       \177KERNEL32_NULL_THUNK_DATA 0000000180015088     kernel32:KERNEL32.dll
 0002:00000090       __imp___std_type_info_destroy_list 0000000180015090     vcruntime:VCRUNTIME140.dll
 0002:00000098       __imp_memcpy               0000000180015098     vcruntime:VCRUNTIME140.dll
 0002:000000a0       __imp___C_specific_handler 00000001800150a0     vcruntime:VCRUNTIME140.dll
 0002:000000a8       __imp_memset               00000001800150a8     vcruntime:VCRUNTIME140.dll
 0002:000000b0       __imp___current_exception  00000001800150b0     vcruntime:VCRUNTIME140.dll
 0002:000000b8       __imp___current_exception_context 00000001800150b8     vcruntime:VCRUNTIME140.dll
 0002:000000c0       \177VCRUNTIME140_NULL_THUNK_DATA 00000001800150c0     vcruntime:VCRUNTIME140.dll
 0002:000000c8       __imp_malloc               00000001800150c8     ucrt:api-ms-win-crt-heap-l1-1-0.dll
 0002:000000d0       __imp_calloc               00000001800150d0     ucrt:api-ms-win-crt-heap-l1-1-0.dll
 0002:000000d8       __imp_free                 00000001800150d8     ucrt:api-ms-win-crt-heap-l1-1-0.dll
 0002:000000e0       \177api-ms-win-crt-heap-l1-1-0_NULL_THUNK_DATA 00000001800150e0     ucrt:api-ms-win-crt-heap-l1-1-0.dll
 0002:000000e8       __imp__cexit               00000001800150e8     ucrt:api-ms-win-crt-runtime-l1-1-0.dll
 0002:000000f0       __imp_terminate            00000001800150f0     ucrt:api-ms-win-crt-runtime-l1-1-0.dll
 0002:000000f8       __imp__crt_at_quick_exit   00000001800150f8     ucrt:api-ms-win-crt-runtime-l1-1-0.dll
 0002:00000100       __imp__crt_atexit          0000000180015100     ucrt:api-ms-win-crt-runtime-l1-1-0.dll
 0002:00000108       __imp__initterm            0000000180015108     ucrt:api-ms-win-crt-runtime-l1-1-0.dll
 0002:00000110       __imp__initterm_e          0000000180015110     ucrt:api-ms-win-crt-runtime-l1-1-0.dll
 0002:00000118       __imp__seh_filter_dll      0000000180015118     ucrt:api-ms-win-crt-runtime-l1-1-0.dll
 0002:00000120       __imp__configure_narrow_argv 0000000180015120     ucrt:api-ms-win-crt-runtime-l1-1-0.dll
 0002:00000128       __imp__initialize_narrow_environment 0000000180015128     ucrt:api-ms-win-crt-runtime-l1-1-0.dll
 0002:00000130       __imp__execute_onexit_table 0000000180015130     ucrt:api-ms-win-crt-runtime-l1-1-0.dll
 0002:00000138       __imp__register_onexit_function 0000000180015138     ucrt:api-ms-win-crt-runtime-l1-1-0.dll
 0002:00000140       __imp__initialize_onexit_table 0000000180015140     ucrt:api-ms-win-crt-runtime-l1-1-0.dll
 0002:00000148       \177api-ms-win-crt-runtime-l1-1-0_NULL_THUNK_DATA 0000000180015148     ucrt:api-ms-win-crt-runtime-l1-1-0.dll
 0002:00000150       __imp___stdio_common_vsprintf 0000000180015150     ucrt:api-ms-win-crt-stdio-l1-1-0.dll
 0002:00000158       \177api-ms-win-crt-stdio-l1-1-0_NULL_THUNK_DATA 0000000180015158     ucrt:api-ms-win-crt-stdio-l1-1-0.dll
 0002:00000160       __imp_strcmp               0000000180015160     ucrt:api-ms-win-crt-string-l1-1-0.dll
 0002:00000168       __imp_strlen               0000000180015168     ucrt:api-ms-win-crt-string-l1-1-0.dll
 0002:00000170       \177api-ms-win-crt-string-l1-1-0_NULL_THUNK_DATA 0000000180015170     ucrt:api-ms-win-crt-string-l1-1-0.dll
 0002:00000178       __imp__localtime64         0000000180015178     ucrt:api-ms-win-crt-time-l1-1-0.dll
 0002:00000180       __imp__time64              0000000180015180     ucrt:api-ms-win-crt-time-l1-1-0.dll
 0002:00000188       \177api-ms-win-crt-time-l1-1-0_NULL_THUNK_DATA 0000000180015188     ucrt:api-ms-win-crt-time-l1-1-0.dll
 0002:00000190       __imp_emlrtCreateDoubleScalar 0000000180015190     libemlrt:libemlrt.dll
 0002:00000198       __imp_emlrtCreateLogicalScalar 0000000180015198     libemlrt:libemlrt.dll
 0002:000001a0       __imp_emlrtCreateCharArray 00000001800151a0     libemlrt:libemlrt.dll
 0002:000001a8       __imp_emlrtDestroyArray    00000001800151a8     libemlrt:libemlrt.dll
 0002:000001b0       __imp_emlrtCallMATLABR2012b 00000001800151b0     libemlrt:libemlrt.dll
 0002:000001b8       __imp_emlrtInitCharArrayR2013a 00000001800151b8     libemlrt:libemlrt.dll
 0002:000001c0       __imp_emlrtCreateNumericArray 00000001800151c0     libemlrt:libemlrt.dll
 0002:000001c8       __imp_emlrtCheckStructR2012b 00000001800151c8     libemlrt:libemlrt.dll
 0002:000001d0       __imp_emlrtMxGetData       00000001800151d0     libemlrt:libemlrt.dll
 0002:000001d8       __imp_emlrtMxGetLogicals   00000001800151d8     libemlrt:libemlrt.dll
 0002:000001e0       __imp_emlrtCreateNumericMatrix 00000001800151e0     libemlrt:libemlrt.dll
 0002:000001e8       __imp_emlrtAssign          00000001800151e8     libemlrt:libemlrt.dll
 0002:000001f0       __imp_emlrtLicenseCheckR2022a 00000001800151f0     libemlrt:libemlrt.dll
 0002:000001f8       __imp_emlrtAlias           00000001800151f8     libemlrt:libemlrt.dll
 0002:00000200       __imp_emlrtGetCell         0000000180015200     libemlrt:libemlrt.dll
 0002:00000208       __imp_emlrtSetCell         0000000180015208     libemlrt:libemlrt.dll
 0002:00000210       __imp_emlrtCreateStructMatrix 0000000180015210     libemlrt:libemlrt.dll
 0002:00000218       __imp_emlrtSetFieldR2017b  0000000180015218     libemlrt:libemlrt.dll
 0002:00000220       __imp_emlrtGetFieldR2017b  0000000180015220     libemlrt:libemlrt.dll
 0002:00000228       __imp_emlrtCheckBuiltInR2012b 0000000180015228     libemlrt:libemlrt.dll
 0002:00000230       __imp_emlrtCreateStructArray 0000000180015230     libemlrt:libemlrt.dll
 0002:00000238       __imp_emlrtCreateCellMatrix 0000000180015238     libemlrt:libemlrt.dll
 0002:00000240       \177libemlrt_NULL_THUNK_DATA 0000000180015240     libemlrt:libemlrt.dll
 0002:00000248       __imp_mexIsLocked_800      0000000180015248     libmex:libmex.dll
 0002:00000250       __imp_mexUnlock_800        0000000180015250     libmex:libmex.dll
 0002:00000258       __imp_mexPrintf_800        0000000180015258     libmex:libmex.dll
 0002:00000260       __imp_mexWarnMsgTxt_800    0000000180015260     libmex:libmex.dll
 0002:00000268       __imp_mexCallMATLAB_800    0000000180015268     libmex:libmex.dll
 0002:00000270       \177libmex_NULL_THUNK_DATA 0000000180015270     libmex:libmex.dll
 0002:00000278       __imp_cgxertGetRunTimeParamInfoData 0000000180015278     libmwcgxert:libmwcgxert.dll
 0002:00000280       __imp_cgxertGetRuntimeInstance 0000000180015280     libmwcgxert:libmwcgxert.dll
 0002:00000288       __imp_cgxertGetInputPortSignal 0000000180015288     libmwcgxert:libmwcgxert.dll
 0002:00000290       __imp_cgxertSetRuntimeInstance 0000000180015290     libmwcgxert:libmwcgxert.dll
 0002:00000298       __imp_cgxertGetEMLRTCtx    0000000180015298     libmwcgxert:libmwcgxert.dll
 0002:000002a0       __imp_cgxertRestoreGcb     00000001800152a0     libmwcgxert:libmwcgxert.dll
 0002:000002a8       __imp_cgxertSetGcb         00000001800152a8     libmwcgxert:libmwcgxert.dll
 0002:000002b0       __imp_cgxertGetOutputPortSignal 00000001800152b0     libmwcgxert:libmwcgxert.dll
 0002:000002b8       \177libmwcgxert_NULL_THUNK_DATA 00000001800152b8     libmwcgxert:libmwcgxert.dll
 0002:000002c0       __imp_muDoubleScalarLog    00000001800152c0     libmwmathutil:libmwmathutil.dll
 0002:000002c8       __imp_muDoubleScalarExp    00000001800152c8     libmwmathutil:libmwmathutil.dll
 0002:000002d0       __imp_muDoubleScalarFloor  00000001800152d0     libmwmathutil:libmwmathutil.dll
 0002:000002d8       __imp_muDoubleScalarCeil   00000001800152d8     libmwmathutil:libmwmathutil.dll
 0002:000002e0       __imp_muDoubleScalarAbs    00000001800152e0     libmwmathutil:libmwmathutil.dll
 0002:000002e8       __imp_muDoubleScalarPower  00000001800152e8     libmwmathutil:libmwmathutil.dll
 0002:000002f0       __imp_muDoubleScalarSqrt   00000001800152f0     libmwmathutil:libmwmathutil.dll
 0002:000002f8       __imp_muDoubleScalarRem    00000001800152f8     libmwmathutil:libmwmathutil.dll
 0002:00000300       __imp_muDoubleScalarIsNaN  0000000180015300     libmwmathutil:libmwmathutil.dll
 0002:00000308       __imp_muDoubleScalarIsInf  0000000180015308     libmwmathutil:libmwmathutil.dll
 0002:00000310       \177libmwmathutil_NULL_THUNK_DATA 0000000180015310     libmwmathutil:libmwmathutil.dll
 0002:00000318       __imp_mxSetCell_800        0000000180015318     libmx:libmx.dll
 0002:00000320       __imp_mxGetString_800      0000000180015320     libmx:libmx.dll
 0002:00000328       __imp_mxCreateDoubleScalar_800 0000000180015328     libmx:libmx.dll
 0002:00000330       __imp_mxCreateNumericMatrix_800 0000000180015330     libmx:libmx.dll
 0002:00000338       __imp_mxSetField_800       0000000180015338     libmx:libmx.dll
 0002:00000340       __imp_mxGetN_800           0000000180015340     libmx:libmx.dll
 0002:00000348       __imp_mxIsComplex_800      0000000180015348     libmx:libmx.dll
 0002:00000350       __imp_mxIsChar_800         0000000180015350     libmx:libmx.dll
 0002:00000358       __imp_mxIsNumeric_800      0000000180015358     libmx:libmx.dll
 0002:00000360       __imp_mxGetData_800        0000000180015360     libmx:libmx.dll
 0002:00000368       __imp_mxGetClassID_800     0000000180015368     libmx:libmx.dll
 0002:00000370       __imp_mxGetM_800           0000000180015370     libmx:libmx.dll
 0002:00000378       __imp_mxCalloc_800         0000000180015378     libmx:libmx.dll
 0002:00000380       __imp_mxGetNaN_800         0000000180015380     libmx:libmx.dll
 0002:00000388       __imp_mxCreateStructMatrix_800 0000000180015388     libmx:libmx.dll
 0002:00000390       __imp_mxCreateCellMatrix_800 0000000180015390     libmx:libmx.dll
 0002:00000398       __imp_mxCreateString_800   0000000180015398     libmx:libmx.dll
 0002:000003a0       __imp_mxCreateDoubleMatrix_800 00000001800153a0     libmx:libmx.dll
 0002:000003a8       __imp_mxSetFieldByNumber_800 00000001800153a8     libmx:libmx.dll
 0002:000003b0       __imp_mxGetPr_800          00000001800153b0     libmx:libmx.dll
 0002:000003b8       \177libmx_NULL_THUNK_DATA  00000001800153b8     libmx:libmx.dll
 0002:000003c0       __guard_check_icall_fptr   00000001800153c0     MSVCRT:guard_support.obj
 0002:000003c8       __guard_xfg_check_icall_fptr 00000001800153c8     MSVCRT:guard_support.obj
 0002:000003d0       __guard_dispatch_icall_fptr 00000001800153d0     MSVCRT:guard_support.obj
 0002:000003d8       __guard_xfg_dispatch_icall_fptr 00000001800153d8     MSVCRT:guard_support.obj
 0002:000003e0       __guard_xfg_table_dispatch_icall_fptr 00000001800153e0     MSVCRT:guard_support.obj
 0002:000003e8       __castguard_check_failure_os_handled_fptr 00000001800153e8     MSVCRT:guard_support.obj
 0002:000003f0       __guard_memcpy_fptr        00000001800153f0     vcruntime:softmemtag.obj
 0002:000003f8       __xc_a                     00000001800153f8     MSVCRT:initializers.obj
 0002:00000400       __xc_z                     0000000180015400     MSVCRT:initializers.obj
 0002:00000408       __xi_a                     0000000180015408     MSVCRT:initializers.obj
 0002:00000410       __xi_z                     0000000180015410     MSVCRT:initializers.obj
 0002:00000418       __xp_a                     0000000180015418     MSVCRT:initializers.obj
 0002:00000420       __xp_z                     0000000180015420     MSVCRT:initializers.obj
 0002:00000428       __xt_a                     0000000180015428     MSVCRT:initializers.obj
 0002:00000430       __xt_z                     0000000180015430     MSVCRT:initializers.obj
 0002:00000600       __real@0000000000000000    0000000180015600     m_IGPkuFeb7GxDBK93y9JMnB.obj
 0002:00000608       __real@3ca0000000000000    0000000180015608     m_IGPkuFeb7GxDBK93y9JMnB.obj
 0002:00000610       __real@3cb0000000000000    0000000180015610     m_IGPkuFeb7GxDBK93y9JMnB.obj
 0002:00000618       __real@3defffffffffffff    0000000180015618     m_IGPkuFeb7GxDBK93y9JMnB.obj
 0002:00000620       __real@3e00000000000000    0000000180015620     m_IGPkuFeb7GxDBK93y9JMnB.obj
 0002:00000628       __real@3e00000000200000    0000000180015628     m_IGPkuFeb7GxDBK93y9JMnB.obj
 0002:00000630       __real@3f940d92e5a05850    0000000180015630     m_IGPkuFeb7GxDBK93y9JMnB.obj
 0002:00000638       __real@3fd183aa6c20e8bc    0000000180015638     m_IGPkuFeb7GxDBK93y9JMnB.obj
 0002:00000640       __real@3fdf39bd90efa6ec    0000000180015640     m_IGPkuFeb7GxDBK93y9JMnB.obj
 0002:00000648       __real@3fe0000000000000    0000000180015648     m_IGPkuFeb7GxDBK93y9JMnB.obj
 0002:00000650       __real@3fef01751555d29a    0000000180015650     m_IGPkuFeb7GxDBK93y9JMnB.obj
 0002:00000658       __real@3ff0000000000000    0000000180015658     m_IGPkuFeb7GxDBK93y9JMnB.obj
 0002:00000660       __real@3ff4d1b4fe79ee03    0000000180015660     m_IGPkuFeb7GxDBK93y9JMnB.obj
 0002:00000668       __real@3ff6a09e667f3bcd    0000000180015668     m_IGPkuFeb7GxDBK93y9JMnB.obj
 0002:00000670       __real@4000000000000000    0000000180015670     m_IGPkuFeb7GxDBK93y9JMnB.obj
 0002:00000678       __real@40063748a159817c    0000000180015678     m_IGPkuFeb7GxDBK93y9JMnB.obj
 0002:00000680       __real@400d3bb48209ad36    0000000180015680     m_IGPkuFeb7GxDBK93y9JMnB.obj
 0002:00000688       __real@4010000000000000    0000000180015688     m_IGPkuFeb7GxDBK93y9JMnB.obj
 0002:00000690       __real@4024000000000000    0000000180015690     m_IGPkuFeb7GxDBK93y9JMnB.obj
 0002:00000698       __real@4028c070b8cfbfc6    0000000180015698     m_IGPkuFeb7GxDBK93y9JMnB.obj
 0002:000006a0       __real@40295aa79bbadc0a    00000001800156a0     m_IGPkuFeb7GxDBK93y9JMnB.obj
 0002:000006a8       __real@404e000000000000    00000001800156a8     m_IGPkuFeb7GxDBK93y9JMnB.obj
 0002:000006b0       __real@4050c00000000000    00000001800156b0     m_IGPkuFeb7GxDBK93y9JMnB.obj
 0002:000006b8       __real@4059000000000000    00000001800156b8     m_IGPkuFeb7GxDBK93y9JMnB.obj
 0002:000006c0       __real@4076d00000000000    00000001800156c0     m_IGPkuFeb7GxDBK93y9JMnB.obj
 0002:000006c8       __real@4079000000000000    00000001800156c8     m_IGPkuFeb7GxDBK93y9JMnB.obj
 0002:000006d0       __real@40ac200000000000    00000001800156d0     m_IGPkuFeb7GxDBK93y9JMnB.obj
 0002:000006d8       __real@40f5180000000000    00000001800156d8     m_IGPkuFeb7GxDBK93y9JMnB.obj
 0002:000006e0       __real@41607ac000000000    00000001800156e0     m_IGPkuFeb7GxDBK93y9JMnB.obj
 0002:000006e8       __real@4170000000000000    00000001800156e8     m_IGPkuFeb7GxDBK93y9JMnB.obj
 0002:000006f0       __real@4190000000000000    00000001800156f0     m_IGPkuFeb7GxDBK93y9JMnB.obj
 0002:000006f8       __real@41dfffffffc00000    00000001800156f8     m_IGPkuFeb7GxDBK93y9JMnB.obj
 0002:00000700       __real@bfe0000000000000    0000000180015700     m_IGPkuFeb7GxDBK93y9JMnB.obj
 0002:00000708       __real@c000000000000000    0000000180015708     m_IGPkuFeb7GxDBK93y9JMnB.obj
 0002:00000710       __xmm@80000000000000008000000000000000 0000000180015710     m_IGPkuFeb7GxDBK93y9JMnB.obj
 0002:00000720       DYNAMIC_DIMENSION_DEF      0000000180015720     ber_bpsk_cgxe_registry.obj
 0002:00000738       __real@41602cbca0000000    0000000180015738     ber_bpsk_cgxe_registry.obj
 0002:00000740       __real@41aa2e9056000000    0000000180015740     ber_bpsk_cgxe_registry.obj
 0002:00000748       __real@41c9ed91de800000    0000000180015748     ber_bpsk_cgxe_registry.obj
 0002:00000750       __real@41d20726e4000000    0000000180015750     ber_bpsk_cgxe_registry.obj
 0002:00000758       __real@41d9098562c00000    0000000180015758     ber_bpsk_cgxe_registry.obj
 0002:00000760       __real@41dc67f553c00000    0000000180015760     ber_bpsk_cgxe_registry.obj
 0002:00000768       __real@41de49532d800000    0000000180015768     ber_bpsk_cgxe_registry.obj
 0002:00000770       __real@41e13401bfc00000    0000000180015770     ber_bpsk_cgxe_registry.obj
 0002:00000778       __real@41e2069ed9a00000    0000000180015778     ber_bpsk_cgxe_registry.obj
 0002:00000780       __real@41e2d77d6a600000    0000000180015780     ber_bpsk_cgxe_registry.obj
 0002:00000788       __real@41e3fff11cc00000    0000000180015788     ber_bpsk_cgxe_registry.obj
 0002:00000790       __real@41e5b0b712600000    0000000180015790     ber_bpsk_cgxe_registry.obj
 0002:00000798       __real@41e94dc982a00000    0000000180015798     ber_bpsk_cgxe_registry.obj
 0002:000007a0       __real@41e9cbb16ba00000    00000001800157a0     ber_bpsk_cgxe_registry.obj
 0002:000007a8       __real@41eb5bdccf600000    00000001800157a8     ber_bpsk_cgxe_registry.obj
 0002:000007b0       __real@41ed3abe15a00000    00000001800157b0     ber_bpsk_cgxe_registry.obj
 0002:000007b8       __real@41ee656519800000    00000001800157b8     ber_bpsk_cgxe_registry.obj
 0002:000007c0       __real@bff0000000000000    00000001800157c0     ber_bpsk_cgxe_registry.obj
 0002:000007d8       _pDefaultRawDllMain        00000001800157d8     MSVCRT:dll_dllmain.obj
 0002:000007d8       _pRawDllMain               00000001800157d8     MSVCRT:dll_dllmain.obj
 0002:000007e0       __xmm@ffffffffffffffffffffffffffffffff 00000001800157e0     MSVCRT:utility.obj
 0002:000007f0       _load_config_used          00000001800157f0     MSVCRT:loadcfg.obj
 0002:00000980       __CastGuardVftablesStart   0000000180015980     MSVCRT:guard_support.obj
 0002:00000a00       __CastGuardVftablesEnd     0000000180015a00     MSVCRT:guard_support.obj
 0002:00000a80       __volatile_metadata        0000000180015a80     <linker-defined>
 0002:00000e98       __rtc_iaa                  0000000180015e98     MSVCRT:initsect.obj
 0002:00000ea0       __rtc_izz                  0000000180015ea0     MSVCRT:initsect.obj
 0002:00000ea8       __rtc_taa                  0000000180015ea8     MSVCRT:initsect.obj
 0002:00000eb0       __rtc_tzz                  0000000180015eb0     MSVCRT:initsect.obj
 0002:00001908       __IMPORT_DESCRIPTOR_libmx  0000000180016908     libmx:libmx.dll
 0002:0000191c       __IMPORT_DESCRIPTOR_libmex 000000018001691c     libmex:libmex.dll
 0002:00001930       __IMPORT_DESCRIPTOR_libmwmathutil 0000000180016930     libmwmathutil:libmwmathutil.dll
 0002:00001944       __IMPORT_DESCRIPTOR_libemlrt 0000000180016944     libemlrt:libemlrt.dll
 0002:00001958       __IMPORT_DESCRIPTOR_libmwcgxert 0000000180016958     libmwcgxert:libmwcgxert.dll
 0002:0000196c       __IMPORT_DESCRIPTOR_KERNEL32 000000018001696c     kernel32:KERNEL32.dll
 0002:00001980       __IMPORT_DESCRIPTOR_VCRUNTIME140 0000000180016980     vcruntime:VCRUNTIME140.dll
 0002:00001994       __IMPORT_DESCRIPTOR_api-ms-win-crt-heap-l1-1-0 0000000180016994     ucrt:api-ms-win-crt-heap-l1-1-0.dll
 0002:000019a8       __IMPORT_DESCRIPTOR_api-ms-win-crt-time-l1-1-0 00000001800169a8     ucrt:api-ms-win-crt-time-l1-1-0.dll
 0002:000019bc       __IMPORT_DESCRIPTOR_api-ms-win-crt-string-l1-1-0 00000001800169bc     ucrt:api-ms-win-crt-string-l1-1-0.dll
 0002:000019d0       __IMPORT_DESCRIPTOR_api-ms-win-crt-stdio-l1-1-0 00000001800169d0     ucrt:api-ms-win-crt-stdio-l1-1-0.dll
 0002:000019e4       __IMPORT_DESCRIPTOR_api-ms-win-crt-runtime-l1-1-0 00000001800169e4     ucrt:api-ms-win-crt-runtime-l1-1-0.dll
 0002:000019f8       __NULL_IMPORT_DESCRIPTOR   00000001800169f8     libmx:libmx.dll
 0003:000047f0       DYNAMIC_DIMENSION          000000018001c7f0     ber_bpsk_cgxe_registry.obj
 0003:00006ac0       __security_cookie          000000018001eac0     MSVCRT:gs_cookie.obj
 0003:00006b00       __security_cookie_complement 000000018001eb00     MSVCRT:gs_cookie.obj
 0003:00006b08       _fltused                   000000018001eb08     MSVCRT:fltused.obj
 0003:00006b0c       __scrt_native_dllmain_reason 000000018001eb0c     MSVCRT:utility.obj
 0003:00006b10       __isa_inverted             000000018001eb10     MSVCRT:cpu_disp.obj
 0003:00006b18       __isa_available            000000018001eb18     MSVCRT:cpu_disp.obj
 0003:00006b1c       __isa_enabled              000000018001eb1c     MSVCRT:cpu_disp.obj
 0003:00006b20       __memset_fast_string_threshold 000000018001eb20     MSVCRT:cpu_disp.obj
 0003:00006b28       __memset_nt_threshold      000000018001eb28     MSVCRT:cpu_disp.obj
 0003:00006b30       __scrt_ucrt_dll_is_in_use  000000018001eb30     MSVCRT:ucrt_stubs.obj
 0003:000070e0       ?__type_info_root_node@@3U__type_info_node@@A 000000018001f0e0     MSVCRT:tncleanup.obj
 0003:000070f0       ?_OptionsStorage@?1??__local_stdio_printf_options@@9@4_KA 000000018001f0f0     MSVCRT:default_local_stdio_options.obj
 0003:000070f8       ?_OptionsStorage@?1??__local_stdio_scanf_options@@9@4_KA 000000018001f0f8     MSVCRT:default_local_stdio_options.obj
 0003:00007100       __scrt_current_native_startup_state 000000018001f100     MSVCRT:utility.obj
 0003:00007108       __scrt_native_startup_lock 000000018001f108     MSVCRT:utility.obj
 0003:00007148       __scrt_debugger_hook_flag  000000018001f148     MSVCRT:utility_desktop.obj
 0003:00007150       __castguard_check_failure_user_handled_fptr 000000018001f150     MSVCRT:guard_support.obj
 0003:00007158       __avx10_version            000000018001f158     MSVCRT:cpu_disp.obj
 0003:0000715c       __favor                    000000018001f15c     MSVCRT:cpu_disp.obj
 0003:00007160       ?_OptionsStorage@?1??__local_stdio_printf_options@@9@9 000000018001f160     <common>
 0003:00007168       __dyn_tls_init_callback    000000018001f168     <common>

 entry point at        0001:000122e4

 Static symbols

 0000:00000000       .debug$S                   0000000180000000     ber_bpsk_cgxe.exp
 0000:00000000       _volmd                     0000000180000000     ber_bpsk_cgxe_registry.obj
 0000:00000000       _volmd                     0000000180000000     m_IGPkuFeb7GxDBK93y9JMnB.obj
 0000:00000000       .debug$S                   0000000180000000     ucrt:api-ms-win-crt-heap-l1-1-0.dll
 0000:00000000       .debug$S                   0000000180000000     ucrt:api-ms-win-crt-heap-l1-1-0.dll
 0000:00000000       .debug$S                   0000000180000000     ucrt:api-ms-win-crt-heap-l1-1-0.dll
 0000:00000000       .debug$S                   0000000180000000     ucrt:api-ms-win-crt-runtime-l1-1-0.dll
 0000:00000000       .debug$S                   0000000180000000     ucrt:api-ms-win-crt-runtime-l1-1-0.dll
 0000:00000000       .debug$S                   0000000180000000     ucrt:api-ms-win-crt-runtime-l1-1-0.dll
 0000:00000000       .debug$S                   0000000180000000     ucrt:api-ms-win-crt-runtime-l1-1-0.dll
 0000:00000000       .debug$S                   0000000180000000     ucrt:api-ms-win-crt-runtime-l1-1-0.dll
 0000:00000000       .debug$S                   0000000180000000     ucrt:api-ms-win-crt-runtime-l1-1-0.dll
 0000:00000000       .debug$S                   0000000180000000     ucrt:api-ms-win-crt-runtime-l1-1-0.dll
 0000:00000000       .debug$S                   0000000180000000     ucrt:api-ms-win-crt-runtime-l1-1-0.dll
 0000:00000000       .debug$S                   0000000180000000     ucrt:api-ms-win-crt-runtime-l1-1-0.dll
 0000:00000000       .debug$S                   0000000180000000     ucrt:api-ms-win-crt-runtime-l1-1-0.dll
 0000:00000000       .debug$S                   0000000180000000     ucrt:api-ms-win-crt-runtime-l1-1-0.dll
 0000:00000000       .debug$S                   0000000180000000     ucrt:api-ms-win-crt-runtime-l1-1-0.dll
 0000:00000000       .debug$S                   0000000180000000     ucrt:api-ms-win-crt-stdio-l1-1-0.dll
 0000:00000000       .debug$S                   0000000180000000     ucrt:api-ms-win-crt-string-l1-1-0.dll
 0000:00000000       .debug$S                   0000000180000000     ucrt:api-ms-win-crt-string-l1-1-0.dll
 0000:00000000       .debug$S                   0000000180000000     ucrt:api-ms-win-crt-time-l1-1-0.dll
 0000:00000000       .debug$S                   0000000180000000     ucrt:api-ms-win-crt-time-l1-1-0.dll
 0000:00000000       .debug$S                   0000000180000000     kernel32:KERNEL32.dll
 0000:00000000       .debug$S                   0000000180000000     kernel32:KERNEL32.dll
 0000:00000000       .debug$S                   0000000180000000     kernel32:KERNEL32.dll
 0000:00000000       .debug$S                   0000000180000000     kernel32:KERNEL32.dll
 0000:00000000       .debug$S                   0000000180000000     kernel32:KERNEL32.dll
 0000:00000000       .debug$S                   0000000180000000     kernel32:KERNEL32.dll
 0000:00000000       .debug$S                   0000000180000000     kernel32:KERNEL32.dll
 0000:00000000       .debug$S                   0000000180000000     kernel32:KERNEL32.dll
 0000:00000000       .debug$S                   0000000180000000     kernel32:KERNEL32.dll
 0000:00000000       .debug$S                   0000000180000000     kernel32:KERNEL32.dll
 0000:00000000       .debug$S                   0000000180000000     kernel32:KERNEL32.dll
 0000:00000000       .debug$S                   0000000180000000     kernel32:KERNEL32.dll
 0000:00000000       .debug$S                   0000000180000000     kernel32:KERNEL32.dll
 0000:00000000       .debug$S                   0000000180000000     kernel32:KERNEL32.dll
 0000:00000000       .debug$S                   0000000180000000     kernel32:KERNEL32.dll
 0000:00000000       .debug$S                   0000000180000000     kernel32:KERNEL32.dll
 0000:00000000       .debug$S                   0000000180000000     kernel32:KERNEL32.dll
 0000:00000000       .debug$S                   0000000180000000     libemlrt:libemlrt.dll
 0000:00000000       .debug$S                   0000000180000000     libemlrt:libemlrt.dll
 0000:00000000       .debug$S                   0000000180000000     libemlrt:libemlrt.dll
 0000:00000000       .debug$S                   0000000180000000     libemlrt:libemlrt.dll
 0000:00000000       .debug$S                   0000000180000000     libemlrt:libemlrt.dll
 0000:00000000       .debug$S                   0000000180000000     libemlrt:libemlrt.dll
 0000:00000000       .debug$S                   0000000180000000     libemlrt:libemlrt.dll
 0000:00000000       .debug$S                   0000000180000000     libemlrt:libemlrt.dll
 0000:00000000       .debug$S                   0000000180000000     libemlrt:libemlrt.dll
 0000:00000000       .debug$S                   0000000180000000     libemlrt:libemlrt.dll
 0000:00000000       .debug$S                   0000000180000000     libemlrt:libemlrt.dll
 0000:00000000       .debug$S                   0000000180000000     libemlrt:libemlrt.dll
 0000:00000000       .debug$S                   0000000180000000     libemlrt:libemlrt.dll
 0000:00000000       .debug$S                   0000000180000000     libemlrt:libemlrt.dll
 0000:00000000       .debug$S                   0000000180000000     libemlrt:libemlrt.dll
 0000:00000000       .debug$S                   0000000180000000     libemlrt:libemlrt.dll
 0000:00000000       .debug$S                   0000000180000000     libemlrt:libemlrt.dll
 0000:00000000       .debug$S                   0000000180000000     libemlrt:libemlrt.dll
 0000:00000000       .debug$S                   0000000180000000     libemlrt:libemlrt.dll
 0000:00000000       .debug$S                   0000000180000000     libemlrt:libemlrt.dll
 0000:00000000       .debug$S                   0000000180000000     libemlrt:libemlrt.dll
 0000:00000000       .debug$S                   0000000180000000     libemlrt:libemlrt.dll
 0000:00000000       .debug$S                   0000000180000000     libmex:libmex.dll
 0000:00000000       .debug$S                   0000000180000000     libmex:libmex.dll
 0000:00000000       .debug$S                   0000000180000000     libmex:libmex.dll
 0000:00000000       .debug$S                   0000000180000000     libmex:libmex.dll
 0000:00000000       .debug$S                   0000000180000000     libmex:libmex.dll
 0000:00000000       .debug$S                   0000000180000000     libmwcgxert:libmwcgxert.dll
 0000:00000000       .debug$S                   0000000180000000     libmwcgxert:libmwcgxert.dll
 0000:00000000       .debug$S                   0000000180000000     libmwcgxert:libmwcgxert.dll
 0000:00000000       .debug$S                   0000000180000000     libmwcgxert:libmwcgxert.dll
 0000:00000000       .debug$S                   0000000180000000     libmwcgxert:libmwcgxert.dll
 0000:00000000       .debug$S                   0000000180000000     libmwcgxert:libmwcgxert.dll
 0000:00000000       .debug$S                   0000000180000000     libmwcgxert:libmwcgxert.dll
 0000:00000000       .debug$S                   0000000180000000     libmwcgxert:libmwcgxert.dll
 0000:00000000       .debug$S                   0000000180000000     libmwmathutil:libmwmathutil.dll
 0000:00000000       .debug$S                   0000000180000000     libmwmathutil:libmwmathutil.dll
 0000:00000000       .debug$S                   0000000180000000     libmwmathutil:libmwmathutil.dll
 0000:00000000       .debug$S                   0000000180000000     libmwmathutil:libmwmathutil.dll
 0000:00000000       .debug$S                   0000000180000000     libmwmathutil:libmwmathutil.dll
 0000:00000000       .debug$S                   0000000180000000     libmwmathutil:libmwmathutil.dll
 0000:00000000       .debug$S                   0000000180000000     libmwmathutil:libmwmathutil.dll
 0000:00000000       .debug$S                   0000000180000000     libmwmathutil:libmwmathutil.dll
 0000:00000000       .debug$S                   0000000180000000     libmwmathutil:libmwmathutil.dll
 0000:00000000       .debug$S                   0000000180000000     libmwmathutil:libmwmathutil.dll
 0000:00000000       .debug$S                   0000000180000000     libmx:libmx.dll
 0000:00000000       .debug$S                   0000000180000000     libmx:libmx.dll
 0000:00000000       .debug$S                   0000000180000000     libmx:libmx.dll
 0000:00000000       .debug$S                   0000000180000000     libmx:libmx.dll
 0000:00000000       .debug$S                   0000000180000000     libmx:libmx.dll
 0000:00000000       .debug$S                   0000000180000000     libmx:libmx.dll
 0000:00000000       .debug$S                   0000000180000000     libmx:libmx.dll
 0000:00000000       .debug$S                   0000000180000000     libmx:libmx.dll
 0000:00000000       .debug$S                   0000000180000000     libmx:libmx.dll
 0000:00000000       .debug$S                   0000000180000000     libmx:libmx.dll
 0000:00000000       .debug$S                   0000000180000000     libmx:libmx.dll
 0000:00000000       .debug$S                   0000000180000000     libmx:libmx.dll
 0000:00000000       .debug$S                   0000000180000000     libmx:libmx.dll
 0000:00000000       .debug$S                   0000000180000000     libmx:libmx.dll
 0000:00000000       .debug$S                   0000000180000000     libmx:libmx.dll
 0000:00000000       .debug$S                   0000000180000000     libmx:libmx.dll
 0000:00000000       .debug$S                   0000000180000000     libmx:libmx.dll
 0000:00000000       .debug$S                   0000000180000000     libmx:libmx.dll
 0000:00000000       .debug$S                   0000000180000000     libmx:libmx.dll
 0000:00000000       .debug$S                   0000000180000000     libmx:libmx.dll
 0000:00000000       _volmd                     0000000180000000     MSVCRT:cpu_disp.obj
 0002:fffeb000       __guard_ehcont_?dllmain_dispatch@@YAHQEAUHINSTANCE__@@KQEAX@Z 0000000180000000     MSVCRT:dll_dllmain.obj
 0002:fffeb000       __guard_fids_?dllmain_dispatch@@YAHQEAUHINSTANCE__@@KQEAX@Z 0000000180000000     MSVCRT:dll_dllmain.obj
 0000:00000000       _volmd                     0000000180000000     MSVCRT:gs_report.obj
 0000:00000000       _volmd                     0000000180000000     MSVCRT:gs_report.obj
 0000:00000000       _volmd                     0000000180000000     MSVCRT:gs_report.obj
 0002:fffeb000       __guard_fids__             0000000180000000     MSVCRT:guard_support.obj
 0002:fffeb000       __guard_fids__             0000000180000000     MSVCRT:guard_support.obj
 0002:fffeb000       __guard_fids__guard_icall_checks_enforced 0000000180000000     MSVCRT:guard_support.obj
 0000:00000000       _volmd                     0000000180000000     MSVCRT:guard_support.obj
 0000:00000000       _volmd                     0000000180000000     MSVCRT:guard_support.obj
 0000:00000000       _volmd                     0000000180000000     MSVCRT:guard_support.obj
 0000:00000000       _volmd                     0000000180000000     MSVCRT:guard_support.obj
 0000:00000000       _volmd                     0000000180000000     MSVCRT:guard_support.obj
 0000:00000000       _volmd                     0000000180000000     MSVCRT:guard_support.obj
 0000:00000000       _volmd                     0000000180000000     MSVCRT:guard_support.obj
 0000:00000000       _volmd                     0000000180000000     MSVCRT:guard_support.obj
 0000:00000000       _volmd                     0000000180000000     MSVCRT:guard_support.obj
 0000:00000000       _volmd                     0000000180000000     MSVCRT:guard_support.obj
 0002:fffeb000       __guard_ehcont___scrt_is_nonwritable_in_current_image 0000000180000000     MSVCRT:utility.obj
 0000:00000000       _volmd                     0000000180000000     MSVCRT:utility.obj
 0000:00000000       _volmd                     0000000180000000     MSVCRT:utility.obj
 0000:00000000       _volmd                     0000000180000000     MSVCRT:utility.obj
 0002:fffeb000       __guard_fids___scrt_set_unhandled_exception_filter 0000000180000000     MSVCRT:utility_desktop.obj
 0000:00000000       _volmd                     0000000180000000     MSVCRT:utility_desktop.obj
 0002:fffeb000       __guard_fids__             0000000180000000     vcruntime:softmemtag.obj
 0000:00000000       .debug$S                   0000000180000000     vcruntime:VCRUNTIME140.dll
 0000:00000000       .debug$S                   0000000180000000     vcruntime:VCRUNTIME140.dll
 0000:00000000       .debug$S                   0000000180000000     vcruntime:VCRUNTIME140.dll
 0000:00000000       .debug$S                   0000000180000000     vcruntime:VCRUNTIME140.dll
 0000:00000000       .debug$S                   0000000180000000     vcruntime:VCRUNTIME140.dll
 0000:00000000       .debug$S                   0000000180000000     vcruntime:VCRUNTIME140.dll
 0000:00000010       _volmd                     0000000180000010     ber_bpsk_cgxe_registry.obj
 0000:00000010       _volmd                     0000000180000010     m_IGPkuFeb7GxDBK93y9JMnB.obj
 0000:00000020       _volmd                     0000000180000020     ber_bpsk_cgxe_registry.obj
 0000:00000020       _volmd                     0000000180000020     m_IGPkuFeb7GxDBK93y9JMnB.obj
 0000:00000030       _volmd                     0000000180000030     ber_bpsk_cgxe_registry.obj
 0000:00000030       _volmd                     0000000180000030     m_IGPkuFeb7GxDBK93y9JMnB.obj
 0000:00000040       _volmd                     0000000180000040     ber_bpsk_cgxe_registry.obj
 0000:00000040       _volmd                     0000000180000040     m_IGPkuFeb7GxDBK93y9JMnB.obj
 0000:00000050       _volmd                     0000000180000050     ber_bpsk_cgxe_registry.obj
 0000:00000050       _volmd                     0000000180000050     m_IGPkuFeb7GxDBK93y9JMnB.obj
 0000:00000060       _volmd                     0000000180000060     ber_bpsk_cgxe_registry.obj
 0000:00000060       _volmd                     0000000180000060     m_IGPkuFeb7GxDBK93y9JMnB.obj
 0000:00000070       _volmd                     0000000180000070     ber_bpsk_cgxe_registry.obj
 0000:00000070       _volmd                     0000000180000070     m_IGPkuFeb7GxDBK93y9JMnB.obj
 0000:00000080       _volmd                     0000000180000080     ber_bpsk_cgxe_registry.obj
 0000:00000080       _volmd                     0000000180000080     m_IGPkuFeb7GxDBK93y9JMnB.obj
 0000:00000090       _volmd                     0000000180000090     ber_bpsk_cgxe_registry.obj
 0000:00000090       _volmd                     0000000180000090     m_IGPkuFeb7GxDBK93y9JMnB.obj
 0000:000000a0       _volmd                     00000001800000a0     ber_bpsk_cgxe_registry.obj
 0000:000000a0       _volmd                     00000001800000a0     m_IGPkuFeb7GxDBK93y9JMnB.obj
 0000:000000b0       _volmd                     00000001800000b0     ber_bpsk_cgxe_registry.obj
 0000:000000b0       _volmd                     00000001800000b0     m_IGPkuFeb7GxDBK93y9JMnB.obj
 0000:000000c0       _volmd                     00000001800000c0     ber_bpsk_cgxe_registry.obj
 0000:000000c0       _volmd                     00000001800000c0     m_IGPkuFeb7GxDBK93y9JMnB.obj
 0000:000000d0       _volmd                     00000001800000d0     ber_bpsk_cgxe_registry.obj
 0000:000000d0       _volmd                     00000001800000d0     m_IGPkuFeb7GxDBK93y9JMnB.obj
 0000:000000e0       _volmd                     00000001800000e0     ber_bpsk_cgxe_registry.obj
 0000:000000e0       _volmd                     00000001800000e0     m_IGPkuFeb7GxDBK93y9JMnB.obj
 0000:000000f0       _volmd                     00000001800000f0     m_IGPkuFeb7GxDBK93y9JMnB.obj
 0001:000000d0       localtime                  00000001800010d0 f   m_IGPkuFeb7GxDBK93y9JMnB.obj
 0001:000000f0       time                       00000001800010f0 f   m_IGPkuFeb7GxDBK93y9JMnB.obj
 0001:000001a0       cgxe_mdl_start             00000001800011a0 f   m_IGPkuFeb7GxDBK93y9JMnB.obj
 0001:00000280       cgxe_mdl_initialize        0000000180001280 f   m_IGPkuFeb7GxDBK93y9JMnB.obj
 0001:00000360       cgxe_mdl_outputs           0000000180001360 f   m_IGPkuFeb7GxDBK93y9JMnB.obj
 0001:00000440       cgxe_mdl_update            0000000180001440 f   m_IGPkuFeb7GxDBK93y9JMnB.obj
 0001:00000450       cgxe_mdl_derivative        0000000180001450 f   m_IGPkuFeb7GxDBK93y9JMnB.obj
 0001:00000460       cgxe_mdl_enable            0000000180001460 f   m_IGPkuFeb7GxDBK93y9JMnB.obj
 0001:00000470       cgxe_mdl_disable           0000000180001470 f   m_IGPkuFeb7GxDBK93y9JMnB.obj
 0001:00000480       cgxe_mdl_terminate         0000000180001480 f   m_IGPkuFeb7GxDBK93y9JMnB.obj
 0001:000004d0       mw__internal__system__init__fcn 00000001800014d0 f   m_IGPkuFeb7GxDBK93y9JMnB.obj
 0001:00000640       mw__internal__call__setup  0000000180001640 f   m_IGPkuFeb7GxDBK93y9JMnB.obj
 0001:00000da0       AWGNChannelBase_set_EbNo   0000000180001da0 f   m_IGPkuFeb7GxDBK93y9JMnB.obj
 0001:000010d0       AWGNChannelBase_set_SignalPower 00000001800020d0 f   m_IGPkuFeb7GxDBK93y9JMnB.obj
 0001:00001920       validateattributes         0000000180002920 f   m_IGPkuFeb7GxDBK93y9JMnB.obj
 0001:00002150       maximum                    0000000180003150 f   m_IGPkuFeb7GxDBK93y9JMnB.obj
 0001:00002290       AWGNChannelBase_getStandardDeviation 0000000180003290 f   m_IGPkuFeb7GxDBK93y9JMnB.obj
 0001:000025d0       AWGNChannelBase_setupImpl  00000001800035d0 f   m_IGPkuFeb7GxDBK93y9JMnB.obj
 0001:00002880       rng                        0000000180003880 f   m_IGPkuFeb7GxDBK93y9JMnB.obj
 0001:00002f40       now                        0000000180003f40 f   m_IGPkuFeb7GxDBK93y9JMnB.obj
 0001:00003320       mw__internal__call__reset  0000000180004320 f   m_IGPkuFeb7GxDBK93y9JMnB.obj
 0001:00003780       mw__internal__call__step   0000000180004780 f   m_IGPkuFeb7GxDBK93y9JMnB.obj
 0001:00004400       AWGNChannelBase_stepImpl   0000000180005400 f   m_IGPkuFeb7GxDBK93y9JMnB.obj
 0001:000049d0       complexLike                00000001800059d0 f   m_IGPkuFeb7GxDBK93y9JMnB.obj
 0001:00005010       eml_rand_mcg16807_stateful 0000000180006010 f   m_IGPkuFeb7GxDBK93y9JMnB.obj
 0001:00005350       genrandu                   0000000180006350 f   m_IGPkuFeb7GxDBK93y9JMnB.obj
 0001:00005400       eml_rand_shr3cong_stateful 0000000180006400 f   m_IGPkuFeb7GxDBK93y9JMnB.obj
 0001:00005560       eml_rand_mt19937ar_stateful 0000000180006560 f   m_IGPkuFeb7GxDBK93y9JMnB.obj
 0001:00005790       emlrt_marshallOut          0000000180006790 f   m_IGPkuFeb7GxDBK93y9JMnB.obj
 0001:00006220       b_emlrt_marshallOut        0000000180007220 f   m_IGPkuFeb7GxDBK93y9JMnB.obj
 0001:000062e0       cgxe_mdl_get_sim_state     00000001800072e0 f   m_IGPkuFeb7GxDBK93y9JMnB.obj
 0001:00006320       emlrt_marshallIn           0000000180007320 f   m_IGPkuFeb7GxDBK93y9JMnB.obj
 0001:00006880       b_emlrt_marshallIn         0000000180007880 f   m_IGPkuFeb7GxDBK93y9JMnB.obj
 0001:000068f0       c_emlrt_marshallIn         00000001800078f0 f   m_IGPkuFeb7GxDBK93y9JMnB.obj
 0001:00006940       d_emlrt_marshallIn         0000000180007940 f   m_IGPkuFeb7GxDBK93y9JMnB.obj
 0001:000069b0       e_emlrt_marshallIn         00000001800079b0 f   m_IGPkuFeb7GxDBK93y9JMnB.obj
 0001:00006a00       f_emlrt_marshallIn         0000000180007a00 f   m_IGPkuFeb7GxDBK93y9JMnB.obj
 0001:00006a70       g_emlrt_marshallIn         0000000180007a70 f   m_IGPkuFeb7GxDBK93y9JMnB.obj
 0001:00006ac0       h_emlrt_marshallIn         0000000180007ac0 f   m_IGPkuFeb7GxDBK93y9JMnB.obj
 0001:00006b30       i_emlrt_marshallIn         0000000180007b30 f   m_IGPkuFeb7GxDBK93y9JMnB.obj
 0001:00006b80       j_emlrt_marshallIn         0000000180007b80 f   m_IGPkuFeb7GxDBK93y9JMnB.obj
 0001:00006bf0       k_emlrt_marshallIn         0000000180007bf0 f   m_IGPkuFeb7GxDBK93y9JMnB.obj
 0001:00006ff0       l_emlrt_marshallIn         0000000180007ff0 f   m_IGPkuFeb7GxDBK93y9JMnB.obj
 0001:00007040       m_emlrt_marshallIn         0000000180008040 f   m_IGPkuFeb7GxDBK93y9JMnB.obj
 0001:00007150       n_emlrt_marshallIn         0000000180008150 f   m_IGPkuFeb7GxDBK93y9JMnB.obj
 0001:000071a0       o_emlrt_marshallIn         00000001800081a0 f   m_IGPkuFeb7GxDBK93y9JMnB.obj
 0001:000071f0       cgxe_mdl_set_sim_state     00000001800081f0 f   m_IGPkuFeb7GxDBK93y9JMnB.obj
 0001:00007260       message                    0000000180008260 f   m_IGPkuFeb7GxDBK93y9JMnB.obj
 0001:00007300       getString                  0000000180008300 f   m_IGPkuFeb7GxDBK93y9JMnB.obj
 0001:00007370       error                      0000000180008370 f   m_IGPkuFeb7GxDBK93y9JMnB.obj
 0001:00007400       b_message                  0000000180008400 f   m_IGPkuFeb7GxDBK93y9JMnB.obj
 0001:00007470       p_emlrt_marshallIn         0000000180008470 f   m_IGPkuFeb7GxDBK93y9JMnB.obj
 0001:000074e0       q_emlrt_marshallIn         00000001800084e0 f   m_IGPkuFeb7GxDBK93y9JMnB.obj
 0001:00007560       r_emlrt_marshallIn         0000000180008560 f   m_IGPkuFeb7GxDBK93y9JMnB.obj
 0001:00007620       s_emlrt_marshallIn         0000000180008620 f   m_IGPkuFeb7GxDBK93y9JMnB.obj
 0001:000076e0       t_emlrt_marshallIn         00000001800086e0 f   m_IGPkuFeb7GxDBK93y9JMnB.obj
 0001:00007750       u_emlrt_marshallIn         0000000180008750 f   m_IGPkuFeb7GxDBK93y9JMnB.obj
 0001:00007810       v_emlrt_marshallIn         0000000180008810 f   m_IGPkuFeb7GxDBK93y9JMnB.obj
 0001:00007890       genrandn                   0000000180008890 f   m_IGPkuFeb7GxDBK93y9JMnB.obj
 0001:00007d60       eml_rand_mt19937ar         0000000180008d60 f   m_IGPkuFeb7GxDBK93y9JMnB.obj
 0001:00008020       genrand_uint32_vector      0000000180009020 f   m_IGPkuFeb7GxDBK93y9JMnB.obj
 0001:000082d0       b_genrandu                 00000001800092d0 f   m_IGPkuFeb7GxDBK93y9JMnB.obj
 0001:00008610       init_simulink_io_address   0000000180009610 f   m_IGPkuFeb7GxDBK93y9JMnB.obj
 0001:00008680       mdlOutputs_IGPkuFeb7GxDBK93y9JMnB 0000000180009680 f   m_IGPkuFeb7GxDBK93y9JMnB.obj
 0001:000086c0       mdlInitialize_IGPkuFeb7GxDBK93y9JMnB 00000001800096c0 f   m_IGPkuFeb7GxDBK93y9JMnB.obj
 0001:000086f0       mdlUpdate_IGPkuFeb7GxDBK93y9JMnB 00000001800096f0 f   m_IGPkuFeb7GxDBK93y9JMnB.obj
 0001:00008730       mdlDerivatives_IGPkuFeb7GxDBK93y9JMnB 0000000180009730 f   m_IGPkuFeb7GxDBK93y9JMnB.obj
 0001:00008760       getSimState_IGPkuFeb7GxDBK93y9JMnB 0000000180009760 f   m_IGPkuFeb7GxDBK93y9JMnB.obj
 0001:000087a0       setSimState_IGPkuFeb7GxDBK93y9JMnB 00000001800097a0 f   m_IGPkuFeb7GxDBK93y9JMnB.obj
 0001:000087e0       mdlTerminate_IGPkuFeb7GxDBK93y9JMnB 00000001800097e0 f   m_IGPkuFeb7GxDBK93y9JMnB.obj
 0001:00008820       mdlEnable_IGPkuFeb7GxDBK93y9JMnB 0000000180009820 f   m_IGPkuFeb7GxDBK93y9JMnB.obj
 0001:00008850       mdlDisable_IGPkuFeb7GxDBK93y9JMnB 0000000180009850 f   m_IGPkuFeb7GxDBK93y9JMnB.obj
 0001:00008880       mdlStart_IGPkuFeb7GxDBK93y9JMnB 0000000180009880 f   m_IGPkuFeb7GxDBK93y9JMnB.obj
 0001:00008990       mdlProcessParameters_IGPkuFeb7GxDBK93y9JMnB 0000000180009990 f   m_IGPkuFeb7GxDBK93y9JMnB.obj
 0001:0000aab8       $LN147                     000000018000bab8     ber_bpsk_cgxe_registry.obj
 0001:0000b924       $LN22                      000000018000c924     ber_bpsk_cgxe_registry.obj
 0001:0000c024       $LN26                      000000018000d024     ber_bpsk_cgxe_registry.obj
 0001:0000c704       $LN24                      000000018000d704     ber_bpsk_cgxe_registry.obj
[...]
 0003:00003520       $SG20555                   000000018001b520     m_IGPkuFeb7GxDBK93y9JMnB.obj
 0003:00003528       $SG20566                   000000018001b528     m_IGPkuFeb7GxDBK93y9JMnB.obj
 0003:00003530       ?dv@?1??genrandn@@9@9      000000018001b530     m_IGPkuFeb7GxDBK93y9JMnB.obj
 0003:00003740       ?dv@?1??eml_rand_mt19937ar@@9@9 000000018001b740     m_IGPkuFeb7GxDBK93y9JMnB.obj
 0003:00003f50       ?dv1@?1??eml_rand_mt19937ar@@9@9 000000018001bf50     m_IGPkuFeb7GxDBK93y9JMnB.obj
 0003:00004758       ?c_u@?1??b_genrandu@@9@9   000000018001c758     m_IGPkuFeb7GxDBK93y9JMnB.obj
 0003:00004780       $SG20817                   000000018001c780     m_IGPkuFeb7GxDBK93y9JMnB.obj
 0003:00004790       $SG20818                   000000018001c790     m_IGPkuFeb7GxDBK93y9JMnB.obj
 0003:000047a0       $SG20829                   000000018001c7a0     m_IGPkuFeb7GxDBK93y9JMnB.obj
 0003:000047b0       $SG20831                   000000018001c7b0     m_IGPkuFeb7GxDBK93y9JMnB.obj
 0003:000047c8       $SG20832                   000000018001c7c8     m_IGPkuFeb7GxDBK93y9JMnB.obj
 0003:000047e0       $SG20833                   000000018001c7e0     m_IGPkuFeb7GxDBK93y9JMnB.obj
 0003:000047f8       $SG17744                   000000018001c7f8     ber_bpsk_cgxe_registry.obj
 0003:00004828       $SG17748                   000000018001c828     ber_bpsk_cgxe_registry.obj
 0003:00004868       $SG17753                   000000018001c868     ber_bpsk_cgxe_registry.obj
 0003:000048a0       $SG17758                   000000018001c8a0     ber_bpsk_cgxe_registry.obj
 0003:000048d8       $SG17762                   000000018001c8d8     ber_bpsk_cgxe_registry.obj
 0003:00004910       $SG17799                   000000018001c910     ber_bpsk_cgxe_registry.obj
 0003:00004918       $SG17801                   000000018001c918     ber_bpsk_cgxe_registry.obj
 0003:00004920       $SG17803                   000000018001c920     ber_bpsk_cgxe_registry.obj
 0003:0000492c       $SG17805                   000000018001c92c     ber_bpsk_cgxe_registry.obj
 0003:00004938       $SG17807                   000000018001c938     ber_bpsk_cgxe_registry.obj
 0003:00004940       $SG17808                   000000018001c940     ber_bpsk_cgxe_registry.obj
 0003:00004948       $SG17809                   000000018001c948     ber_bpsk_cgxe_registry.obj
 0003:00004950       $SG17810                   000000018001c950     ber_bpsk_cgxe_registry.obj
 0003:0000495c       $SG17811                   000000018001c95c     ber_bpsk_cgxe_registry.obj
 0003:00004968       $SG17812                   000000018001c968     ber_bpsk_cgxe_registry.obj
 0003:00004970       $SG17848                   000000018001c970     ber_bpsk_cgxe_registry.obj
 0003:000049a0       $SG17859                   000000018001c9a0     ber_bpsk_cgxe_registry.obj
 0003:000049d0       $SG17873                   000000018001c9d0     ber_bpsk_cgxe_registry.obj
 0003:000049e8       $SG17887                   000000018001c9e8     ber_bpsk_cgxe_registry.obj
 0003:00004a00       $SG17901                   000000018001ca00     ber_bpsk_cgxe_registry.obj
 0003:00004a10       $SG17903                   000000018001ca10     ber_bpsk_cgxe_registry.obj
 0003:00004a20       $SG17905                   000000018001ca20     ber_bpsk_cgxe_registry.obj
 0003:00004a30       $SG17907                   000000018001ca30     ber_bpsk_cgxe_registry.obj
 0003:00004a40       $SG17909                   000000018001ca40     ber_bpsk_cgxe_registry.obj
 0003:00004a58       $SG17911                   000000018001ca58     ber_bpsk_cgxe_registry.obj
 0003:00004a70       $SG17922                   000000018001ca70     ber_bpsk_cgxe_registry.obj
 0003:00004a98       _sfcnName                  000000018001ca98     ber_bpsk_cgxe_registry.obj
 0003:00004ac0       $SG17937                   000000018001cac0     ber_bpsk_cgxe_registry.obj
 0003:00004b40       $SG17941                   000000018001cb40     ber_bpsk_cgxe_registry.obj
 0003:00004bb8       $SG18246                   000000018001cbb8     ber_bpsk_cgxe_registry.obj
 0003:00004bc8       $SG18247                   000000018001cbc8     ber_bpsk_cgxe_registry.obj
 0003:00004bd8       $SG18259                   000000018001cbd8     ber_bpsk_cgxe_registry.obj
 0003:00004be8       $SG18395                   000000018001cbe8     ber_bpsk_cgxe_registry.obj
 0003:00004c28       $SG18396                   000000018001cc28     ber_bpsk_cgxe_registry.obj
 0003:00004c38       $SG18397                   000000018001cc38     ber_bpsk_cgxe_registry.obj
 0003:00004c40       $SG18401                   000000018001cc40     ber_bpsk_cgxe_registry.obj
 0003:00004c88       $SG18402                   000000018001cc88     ber_bpsk_cgxe_registry.obj
 0003:00004c98       $SG18403                   000000018001cc98     ber_bpsk_cgxe_registry.obj
 0003:00004ca0       $SG18404                   000000018001cca0     ber_bpsk_cgxe_registry.obj
 0003:00004cf8       $SG18405                   000000018001ccf8     ber_bpsk_cgxe_registry.obj
 0003:00004d08       $SG18406                   000000018001cd08     ber_bpsk_cgxe_registry.obj
 0003:00004d10       $SG18426                   000000018001cd10     ber_bpsk_cgxe_registry.obj
 0003:00004d50       $SG18427                   000000018001cd50     ber_bpsk_cgxe_registry.obj
 0003:00004d60       $SG18428                   000000018001cd60     ber_bpsk_cgxe_registry.obj
 0003:00004d70       $SG18432                   000000018001cd70     ber_bpsk_cgxe_registry.obj
 0003:00004db8       $SG18433                   000000018001cdb8     ber_bpsk_cgxe_registry.obj
 0003:00004dc8       $SG18434                   000000018001cdc8     ber_bpsk_cgxe_registry.obj
 0003:00004dd0       $SG18435                   000000018001cdd0     ber_bpsk_cgxe_registry.obj
 0003:00004e28       $SG18436                   000000018001ce28     ber_bpsk_cgxe_registry.obj
 0003:00004e38       $SG18437                   000000018001ce38     ber_bpsk_cgxe_registry.obj
 0003:00004e40       $SG18456                   000000018001ce40     ber_bpsk_cgxe_registry.obj
 0003:00004e90       $SG18457                   000000018001ce90     ber_bpsk_cgxe_registry.obj
 0003:00004ea0       $SG18458                   000000018001cea0     ber_bpsk_cgxe_registry.obj
 0003:00004eb0       $SG18467                   000000018001ceb0     ber_bpsk_cgxe_registry.obj
 0003:00004f10       $SG18468                   000000018001cf10     ber_bpsk_cgxe_registry.obj
 0003:00004f18       $SG18469                   000000018001cf18     ber_bpsk_cgxe_registry.obj
 0003:00004f20       $SG18478                   000000018001cf20     ber_bpsk_cgxe_registry.obj
 0003:00004f80       $SG18479                   000000018001cf80     ber_bpsk_cgxe_registry.obj
 0003:00004f88       $SG18480                   000000018001cf88     ber_bpsk_cgxe_registry.obj
 0003:00004f90       $SG18786                   000000018001cf90     ber_bpsk_cgxe_registry.obj
 0003:00005010       $SG18789                   000000018001d010     ber_bpsk_cgxe_registry.obj
 0003:00005090       $SG18794                   000000018001d090     ber_bpsk_cgxe_registry.obj
 0003:00005110       $SG18802                   000000018001d110     ber_bpsk_cgxe_registry.obj
 0003:00005180       $SG19075                   000000018001d180     ber_bpsk_cgxe_registry.obj
 0003:00005200       $SG19080                   000000018001d200     ber_bpsk_cgxe_registry.obj
 0003:00005278       $SG19404                   000000018001d278     ber_bpsk_cgxe_registry.obj
 0003:00005290       $SG19417                   000000018001d290     ber_bpsk_cgxe_registry.obj
 0003:00005308       $SG19420                   000000018001d308     ber_bpsk_cgxe_registry.obj
 0003:0000530c       $SG19472                   000000018001d30c     ber_bpsk_cgxe_registry.obj
 0003:00005314       $SG19473                   000000018001d314     ber_bpsk_cgxe_registry.obj
 0003:0000531c       $SG19474                   000000018001d31c     ber_bpsk_cgxe_registry.obj
 0003:00005330       $SG19475                   000000018001d330     ber_bpsk_cgxe_registry.obj
 0003:000053b0       $SG19477                   000000018001d3b0     ber_bpsk_cgxe_registry.obj
 0003:0000542c       $SG19480                   000000018001d42c     ber_bpsk_cgxe_registry.obj
 0003:00005434       $SG19483                   000000018001d434     ber_bpsk_cgxe_registry.obj
 0003:0000543c       $SG19486                   000000018001d43c     ber_bpsk_cgxe_registry.obj
 0003:00005450       $SG19487                   000000018001d450     ber_bpsk_cgxe_registry.obj
 0003:000054d0       $SG19488                   000000018001d4d0     ber_bpsk_cgxe_registry.obj
 0003:000054e0       $SG19490                   000000018001d4e0     ber_bpsk_cgxe_registry.obj
 0003:000054ec       $SG19492                   000000018001d4ec     ber_bpsk_cgxe_registry.obj
 0003:000054f4       $SG19494                   000000018001d4f4     ber_bpsk_cgxe_registry.obj
 0003:00005500       $SG19496                   000000018001d500     ber_bpsk_cgxe_registry.obj
 0003:0000550c       $SG19498                   000000018001d50c     ber_bpsk_cgxe_registry.obj
 0003:00005510       $SG19501                   000000018001d510     ber_bpsk_cgxe_registry.obj
 0003:000055f8       $SG19611                   000000018001d5f8     ber_bpsk_cgxe_registry.obj
 0003:00005628       $SG19612                   000000018001d628     ber_bpsk_cgxe_registry.obj
 0003:00005638       $SG19613                   000000018001d638     ber_bpsk_cgxe_registry.obj
 0003:00005640       $SG19615                   000000018001d640     ber_bpsk_cgxe_registry.obj
 0003:00005678       $SG19616                   000000018001d678     ber_bpsk_cgxe_registry.obj
 0003:00005688       $SG19617                   000000018001d688     ber_bpsk_cgxe_registry.obj
 0003:00005690       $SG19620                   000000018001d690     ber_bpsk_cgxe_registry.obj
 0003:000056c8       $SG19621                   000000018001d6c8     ber_bpsk_cgxe_registry.obj
 0003:000056d8       $SG19622                   000000018001d6d8     ber_bpsk_cgxe_registry.obj
 0003:000056e0       $SG19624                   000000018001d6e0     ber_bpsk_cgxe_registry.obj
 0003:00005718       $SG19625                   000000018001d718     ber_bpsk_cgxe_registry.obj
 0003:00005728       $SG19626                   000000018001d728     ber_bpsk_cgxe_registry.obj
 0003:00005730       $SG19628                   000000018001d730     ber_bpsk_cgxe_registry.obj
 0003:00005768       $SG19629                   000000018001d768     ber_bpsk_cgxe_registry.obj
 0003:00005778       $SG19630                   000000018001d778     ber_bpsk_cgxe_registry.obj
 0003:00005780       $SG19633                   000000018001d780     ber_bpsk_cgxe_registry.obj
 0003:00005790       $SG19635                   000000018001d790     ber_bpsk_cgxe_registry.obj
 0003:000057a8       $SG19636                   000000018001d7a8     ber_bpsk_cgxe_registry.obj
 0003:000057e0       $SG19637                   000000018001d7e0     ber_bpsk_cgxe_registry.obj
 0003:000057f0       $SG19638                   000000018001d7f0     ber_bpsk_cgxe_registry.obj
 0003:000057f8       $SG19769                   000000018001d7f8     ber_bpsk_cgxe_registry.obj
 0003:00005820       $SG19770                   000000018001d820     ber_bpsk_cgxe_registry.obj
 0003:000058b0       $SG19776                   000000018001d8b0     ber_bpsk_cgxe_registry.obj
 0003:000058d0       $SG19777                   000000018001d8d0     ber_bpsk_cgxe_registry.obj
 0003:00005960       $SG19783                   000000018001d960     ber_bpsk_cgxe_registry.obj
 0003:00005980       $SG19784                   000000018001d980     ber_bpsk_cgxe_registry.obj
 0003:00005a10       $SG19790                   000000018001da10     ber_bpsk_cgxe_registry.obj
 0003:00005a30       $SG19791                   000000018001da30     ber_bpsk_cgxe_registry.obj
 0003:00005ac0       $SG19797                   000000018001dac0     ber_bpsk_cgxe_registry.obj
 0003:00005ae0       $SG19798                   000000018001dae0     ber_bpsk_cgxe_registry.obj
 0003:00005b70       $SG19802                   000000018001db70     ber_bpsk_cgxe_registry.obj
 0003:00005b90       $SG19803                   000000018001db90     ber_bpsk_cgxe_registry.obj
 0003:00005c20       $SG19807                   000000018001dc20     ber_bpsk_cgxe_registry.obj
 0003:00005c50       $SG19808                   000000018001dc50     ber_bpsk_cgxe_registry.obj
 0003:00005ce0       $SG19812                   000000018001dce0     ber_bpsk_cgxe_registry.obj
 0003:00005d10       $SG19813                   000000018001dd10     ber_bpsk_cgxe_registry.obj
 0003:00005da0       $SG19817                   000000018001dda0     ber_bpsk_cgxe_registry.obj
 0003:00005dc0       $SG19818                   000000018001ddc0     ber_bpsk_cgxe_registry.obj
 0003:00005e50       $SG19822                   000000018001de50     ber_bpsk_cgxe_registry.obj
 0003:00005e70       $SG19823                   000000018001de70     ber_bpsk_cgxe_registry.obj
 0003:00005f00       $SG19827                   000000018001df00     ber_bpsk_cgxe_registry.obj
 0003:00005f20       $SG19828                   000000018001df20     ber_bpsk_cgxe_registry.obj
 0003:00005fb0       $SG19832                   000000018001dfb0     ber_bpsk_cgxe_registry.obj
 0003:00005fd0       $SG19833                   000000018001dfd0     ber_bpsk_cgxe_registry.obj
 0003:00006060       $SG19837                   000000018001e060     ber_bpsk_cgxe_registry.obj
 0003:00006080       $SG19838                   000000018001e080     ber_bpsk_cgxe_registry.obj
 0003:00006110       $SG19842                   000000018001e110     ber_bpsk_cgxe_registry.obj
 0003:00006130       $SG19843                   000000018001e130     ber_bpsk_cgxe_registry.obj
 0003:000061c0       $SG19847                   000000018001e1c0     ber_bpsk_cgxe_registry.obj
 0003:000061e0       $SG19848                   000000018001e1e0     ber_bpsk_cgxe_registry.obj
 0003:00006270       $SG19852                   000000018001e270     ber_bpsk_cgxe_registry.obj
 0003:00006290       $SG19853                   000000018001e290     ber_bpsk_cgxe_registry.obj
 0003:00006320       $SG19857                   000000018001e320     ber_bpsk_cgxe_registry.obj
 0003:00006340       $SG19858                   000000018001e340     ber_bpsk_cgxe_registry.obj
 0003:000063d0       $SG19863                   000000018001e3d0     ber_bpsk_cgxe_registry.obj
 0003:000063f0       $SG19864                   000000018001e3f0     ber_bpsk_cgxe_registry.obj
 0003:00006480       $SG19869                   000000018001e480     ber_bpsk_cgxe_registry.obj
 0003:000064a0       $SG19870                   000000018001e4a0     ber_bpsk_cgxe_registry.obj
 0003:00006530       $SG19874                   000000018001e530     ber_bpsk_cgxe_registry.obj
 0003:00006540       $SG19875                   000000018001e540     ber_bpsk_cgxe_registry.obj
 0003:000065d0       $SG19879                   000000018001e5d0     ber_bpsk_cgxe_registry.obj
 0003:000065f0       $SG19880                   000000018001e5f0     ber_bpsk_cgxe_registry.obj
 0003:00006680       $SG19888                   000000018001e680     ber_bpsk_cgxe_registry.obj
 0003:00006690       $SG19889                   000000018001e690     ber_bpsk_cgxe_registry.obj
 0003:00006720       $SG19893                   000000018001e720     ber_bpsk_cgxe_registry.obj
 0003:000067a0       $SG19895                   000000018001e7a0     ber_bpsk_cgxe_registry.obj
 0003:00006820       $SG19899                   000000018001e820     ber_bpsk_cgxe_registry.obj
 0003:000068a0       $SG19922                   000000018001e8a0     ber_bpsk_cgxe_registry.obj
 0003:000069b8       $SG19930                   000000018001e9b8     ber_bpsk_cgxe_registry.obj
 0003:000069c8       $SG19937                   000000018001e9c8     ber_bpsk_cgxe_registry.obj
 0003:000069d8       $SG19945                   000000018001e9d8     ber_bpsk_cgxe_registry.obj
 0003:000069e8       $SG19952                   000000018001e9e8     ber_bpsk_cgxe_registry.obj
 0003:000069f8       $SG19960                   000000018001e9f8     ber_bpsk_cgxe_registry.obj
 0003:00006a08       $SG19967                   000000018001ea08     ber_bpsk_cgxe_registry.obj
 0003:00006a18       $SG19973                   000000018001ea18     ber_bpsk_cgxe_registry.obj
 0003:00006a38       $SG19983                   000000018001ea38     ber_bpsk_cgxe_registry.obj
 0003:00006a68       $SG19984                   000000018001ea68     ber_bpsk_cgxe_registry.obj
 0003:00006a70       $SG19985                   000000018001ea70     ber_bpsk_cgxe_registry.obj
 0003:00006a78       $SG19995                   000000018001ea78     ber_bpsk_cgxe_registry.obj
 0003:00006ab0       $SG19996                   000000018001eab0     ber_bpsk_cgxe_registry.obj
 0003:00006ab8       $SG19997                   000000018001eab8     ber_bpsk_cgxe_registry.obj
 0003:00006b40       $SG18802                   000000018001eb40     m_IGPkuFeb7GxDBK93y9JMnB.obj
 0003:00006b41       $SG18803                   000000018001eb41     m_IGPkuFeb7GxDBK93y9JMnB.obj
 0003:00006b42       $SG18805                   000000018001eb42     m_IGPkuFeb7GxDBK93y9JMnB.obj
 0003:00006b43       $SG18806                   000000018001eb43     m_IGPkuFeb7GxDBK93y9JMnB.obj
 0003:00006b44       $SG18808                   000000018001eb44     m_IGPkuFeb7GxDBK93y9JMnB.obj
 0003:00006b45       $SG18809                   000000018001eb45     m_IGPkuFeb7GxDBK93y9JMnB.obj
 0003:00006b46       $SG18811                   000000018001eb46     m_IGPkuFeb7GxDBK93y9JMnB.obj
 0003:00006b47       $SG18812                   000000018001eb47     m_IGPkuFeb7GxDBK93y9JMnB.obj
 0003:00006b48       $SG18814                   000000018001eb48     m_IGPkuFeb7GxDBK93y9JMnB.obj
 0003:00006b49       $SG18815                   000000018001eb49     m_IGPkuFeb7GxDBK93y9JMnB.obj
 0003:00006b4a       $SG18865                   000000018001eb4a     m_IGPkuFeb7GxDBK93y9JMnB.obj
 0003:00006b4b       $SG18866                   000000018001eb4b     m_IGPkuFeb7GxDBK93y9JMnB.obj
 0003:00006b4c       $SG18868                   000000018001eb4c     m_IGPkuFeb7GxDBK93y9JMnB.obj
 0003:00006b4d       $SG18869                   000000018001eb4d     m_IGPkuFeb7GxDBK93y9JMnB.obj
 0003:00006b4e       $SG18871                   000000018001eb4e     m_IGPkuFeb7GxDBK93y9JMnB.obj
 0003:00006b4f       $SG18872                   000000018001eb4f     m_IGPkuFeb7GxDBK93y9JMnB.obj
 0003:00006b50       $SG18874                   000000018001eb50     m_IGPkuFeb7GxDBK93y9JMnB.obj
 0003:00006b51       $SG18875                   000000018001eb51     m_IGPkuFeb7GxDBK93y9JMnB.obj
 0003:00006b52       $SG20819                   000000018001eb52     m_IGPkuFeb7GxDBK93y9JMnB.obj
 0003:00006b53       $SG20820                   000000018001eb53     m_IGPkuFeb7GxDBK93y9JMnB.obj
 0003:00006b54       $SG19468                   000000018001eb54     ber_bpsk_cgxe_registry.obj
 0003:00006b56       ?warningGuard@?1??ssGetRootSS@@9@9 000000018001eb56     ber_bpsk_cgxe_registry.obj
 0003:00006b57       ?warningGuard@?1??ssGetParentSS@@9@9 000000018001eb57     ber_bpsk_cgxe_registry.obj
 0003:00006b60       GS_ExceptionRecord         000000018001eb60     MSVCRT:gs_report.obj
 0003:00006c00       GS_ContextRecord           000000018001ec00     MSVCRT:gs_report.obj
 0003:000070d0       ?__proc_attached@@3HA      000000018001f0d0     MSVCRT:dll_dllmain.obj
 0003:00007110       ?is_initialized_as_dll@@3_NA 000000018001f110     MSVCRT:utility.obj
 0003:00007111       ?module_local_atexit_table_initialized@@3_NA 000000018001f111     MSVCRT:utility.obj
 0003:00007118       ?module_local_atexit_table@@3U_onexit_table_t@@A 000000018001f118     MSVCRT:utility.obj
 0003:00007130       ?module_local_at_quick_exit_table@@3U_onexit_table_t@@A 000000018001f130     MSVCRT:utility.obj
